<html>
<body>
<pre>
<h1>µVision Build Log</h1>
<h2>Tool Versions:</h2>
IDE-Version: ¦ÌVision V5.23.0.0
Copyright (C) 2017 ARM Ltd and ARM Germany GmbH. All rights reserved.
License Information: A A, A, LIC=7YKJJ-U2S1M-UK3B6-D8HUJ-YNS0F-5LAI8
 
Tool Versions:
Toolchain:       MDK-ARM Professional  Version: 5.23
Toolchain Path:  C:\Keil_v5\ARM\ARMCC\Bin
C Compiler:      Armcc.exe V5.06 update 4 (build 422)
Assembler:       Armasm.exe V5.06 update 4 (build 422)
Linker/Locator:  ArmLink.exe V5.06 update 4 (build 422)
Library Manager: ArmAr.exe V5.06 update 4 (build 422)
Hex Converter:   FromElf.exe V5.06 update 4 (build 422)
CPU DLL:         SARMCM3.DLL V5.23
Dialog DLL:      DCM.DLL V1.15.0.0
Target DLL:      STLink\ST-LINKIII-KEIL_SWO.dll V2.0.18.0
Dialog DLL:      TCM.DLL V1.27.0.0
 
<h2>Project:</h2>
C:\Users\W\Desktop\107\lwip\MDK-ARM\lwip.uvprojx
Project File Date:  02/02/2018

<h2>Output:</h2>
*** Using Compiler 'V5.06 update 4 (build 422)', folder: 'C:\Keil_v5\ARM\ARMCC\Bin'
Build target 'lwip'
assembling startup_stm32f107xc.s...
compiling lwip.c...
compiling ethernetif.c...
compiling main.c...
../Src/main.c(113): warning:  #223-D: function "httpd_init" declared implicitly
  	httpd_init();
../Src/main.c: 1 warning, 0 errors
compiling stm32f1xx_hal_msp.c...
compiling usb_host.c...
compiling stm32f1xx_it.c...
compiling usbh_conf.c...
compiling fatfs.c...
compiling ecp.c...
compiling dhcp6.c...
compiling mem.c...
compiling ip4.c...
compiling netbuf.c...
compiling pppol2tp.c...
compiling eui64.c...
compiling tcpip.c...
compiling api_msg.c...
compiling ipv6cp.c...
compiling igmp.c...
compiling ethernet.c...
compiling ip6_frag.c...
compiling eap.c...
compiling demand.c...
compiling ip4_addr.c...
compiling upap.c...
compiling netifapi.c...
compiling stats.c...
compiling autoip.c...
compiling netdb.c...
compiling mppe.c...
compiling err.c...
compiling chap-md5.c...
compiling tcp.c...
compiling fsm.c...
compiling raw.c...
compiling nd6.c...
compiling mld6.c...
compiling def.c...
compiling pppapi.c...
compiling pppoe.c...
compiling pppos.c...
compiling etharp.c...
compiling ppp.c...
compiling init.c...
compiling pbuf.c...
compiling ipcp.c...
compiling timeouts.c...
compiling memp.c...
compiling chap_ms.c...
compiling ip6.c...
compiling ip.c...
compiling sys.c...
compiling multilink.c...
compiling ccp.c...
compiling vj.c...
compiling ethip6.c...
compiling slipif.c...
compiling tcp_in.c...
compiling sockets.c...
compiling auth.c...
compiling netif.c...
compiling lcp.c...
compiling dhcp.c...
compiling inet_chksum.c...
compiling lowpan6.c...
compiling pppcrypt.c...
compiling api_lib.c...
compiling chap-new.c...
compiling utils.c...
compiling inet6.c...
compiling dns.c...
compiling magic.c...
compiling udp.c...
compiling icmp.c...
compiling ip4_frag.c...
compiling tcp_out.c...
compiling icmp6.c...
compiling ip6_addr.c...
compiling httpd.c...
compiling system_stm32f1xx.c...
compiling fs.c...
compiling stm32f1xx_hal_dma.c...
compiling stm32f1xx_hal_tim_ex.c...
compiling stm32f1xx_hal_gpio.c...
compiling stm32f1xx_hal_rcc_ex.c...
compiling stm32f1xx_hal.c...
compiling stm32f1xx_hal_eth.c...
compiling stm32f1xx_hal_rcc.c...
compiling stm32f1xx_hal_tim.c...
compiling stm32f1xx_hal_flash_ex.c...
compiling stm32f1xx_hal_flash.c...
compiling stm32f1xx_hal_gpio_ex.c...
compiling stm32f1xx_hal_cortex.c...
compiling stm32f1xx_hal_pwr.c...
compiling usbh_msc_bot.c...
compiling stm32f1xx_hal_hcd.c...
compiling stm32f1xx_ll_usb.c...
compiling usbh_msc_scsi.c...
compiling usbh_ioreq.c...
compiling usbh_core.c...
compiling usbh_pipes.c...
compiling usbh_msc.c...
compiling usbh_ctlreq.c...
compiling usbh_diskio.c...
compiling ff_gen_drv.c...
compiling syscall.c...
compiling diskio.c...
compiling ff.c...
linking...
Program Size: Code=35032 RO-data=4376 RW-data=240 ZI-data=36696  
"lwip\lwip.axf" - 0 Error(s), 1 Warning(s).

<h2>Software Packages used:</h2>

Package Vendor: ARM
                http://www.keil.com/pack/ARM.CMSIS.5.0.1.pack
                ARM::CMSIS:CORE:5.0.1
                CMSIS (Cortex Microcontroller Software Interface Standard)
   * Component: CORE Version: 5.0.1

<h2>Collection of Component include folders:</h2>
  .\RTE\_lwip
  C:\Keil_v5\ARM\PACK\ARM\CMSIS\5.0.1\CMSIS\Include
  C:\Keil_v5\ARM\PACK\Keil\STM32F1xx_DFP\2.2.0\Device\Include

<h2>Collection of Component Files used:</h2>

   * Component: ARM::CMSIS:CORE:5.0.1
Build Time Elapsed:  00:03:38
</pre>
</body>
</html>
