Component: ARM Compiler 5.06 update 4 (build 422) Tool: armlink [4d35d2]

==============================================================================

Section Cross References

    startup_stm32f107xc.o(RESET) refers to startup_stm32f107xc.o(STACK) for __initial_sp
    startup_stm32f107xc.o(RESET) refers to startup_stm32f107xc.o(.text) for Reset_Handler
    startup_stm32f107xc.o(RESET) refers to stm32f1xx_it.o(i.NMI_Handler) for NMI_Handler
    startup_stm32f107xc.o(RESET) refers to stm32f1xx_it.o(i.HardFault_Handler) for HardFault_Handler
    startup_stm32f107xc.o(RESET) refers to stm32f1xx_it.o(i.MemManage_Handler) for MemManage_Handler
    startup_stm32f107xc.o(RESET) refers to stm32f1xx_it.o(i.BusFault_Handler) for BusFault_Handler
    startup_stm32f107xc.o(RESET) refers to stm32f1xx_it.o(i.UsageFault_Handler) for UsageFault_Handler
    startup_stm32f107xc.o(RESET) refers to stm32f1xx_it.o(i.SVC_Handler) for SVC_Handler
    startup_stm32f107xc.o(RESET) refers to stm32f1xx_it.o(i.DebugMon_Handler) for DebugMon_Handler
    startup_stm32f107xc.o(RESET) refers to stm32f1xx_it.o(i.PendSV_Handler) for PendSV_Handler
    startup_stm32f107xc.o(RESET) refers to stm32f1xx_it.o(i.SysTick_Handler) for SysTick_Handler
    startup_stm32f107xc.o(RESET) refers to stm32f1xx_it.o(i.OTG_FS_IRQHandler) for OTG_FS_IRQHandler
    startup_stm32f107xc.o(.text) refers to system_stm32f1xx.o(i.SystemInit) for SystemInit
    startup_stm32f107xc.o(.text) refers to entry.o(.ARM.Collect$$$$00000000) for __main
    lwip.o(i.MX_LWIP_Init) refers to init.o(i.lwip_init) for lwip_init
    lwip.o(i.MX_LWIP_Init) refers to netif.o(i.netif_add) for netif_add
    lwip.o(i.MX_LWIP_Init) refers to netif.o(i.netif_set_default) for netif_set_default
    lwip.o(i.MX_LWIP_Init) refers to netif.o(i.netif_set_up) for netif_set_up
    lwip.o(i.MX_LWIP_Init) refers to netif.o(i.netif_set_down) for netif_set_down
    lwip.o(i.MX_LWIP_Init) refers to lwip.o(.data) for .data
    lwip.o(i.MX_LWIP_Init) refers to ethernet.o(i.ethernet_input) for ethernet_input
    lwip.o(i.MX_LWIP_Init) refers to ethernetif.o(i.ethernetif_init) for ethernetif_init
    lwip.o(i.MX_LWIP_Init) refers to lwip.o(.bss) for .bss
    lwip.o(i.MX_LWIP_Process) refers to ethernetif.o(i.ethernetif_input) for ethernetif_input
    lwip.o(i.MX_LWIP_Process) refers to timeouts.o(i.sys_check_timeouts) for sys_check_timeouts
    lwip.o(i.MX_LWIP_Process) refers to lwip.o(.bss) for .bss
    main.o(i.SystemClock_Config) refers to stm32f1xx_hal_rcc.o(i.HAL_RCC_OscConfig) for HAL_RCC_OscConfig
    main.o(i.SystemClock_Config) refers to stm32f1xx_hal_rcc.o(i.HAL_RCC_ClockConfig) for HAL_RCC_ClockConfig
    main.o(i.SystemClock_Config) refers to stm32f1xx_hal_rcc_ex.o(i.HAL_RCCEx_PeriphCLKConfig) for HAL_RCCEx_PeriphCLKConfig
    main.o(i.SystemClock_Config) refers to stm32f1xx_hal_rcc.o(i.HAL_RCC_GetHCLKFreq) for HAL_RCC_GetHCLKFreq
    main.o(i.SystemClock_Config) refers to stm32f1xx_hal_cortex.o(i.HAL_SYSTICK_Config) for HAL_SYSTICK_Config
    main.o(i.SystemClock_Config) refers to stm32f1xx_hal_cortex.o(i.HAL_SYSTICK_CLKSourceConfig) for HAL_SYSTICK_CLKSourceConfig
    main.o(i.SystemClock_Config) refers to stm32f1xx_hal_cortex.o(i.HAL_NVIC_SetPriority) for HAL_NVIC_SetPriority
    main.o(i.main) refers to stm32f1xx_hal.o(i.HAL_Init) for HAL_Init
    main.o(i.main) refers to main.o(i.SystemClock_Config) for SystemClock_Config
    main.o(i.main) refers to lwip.o(i.MX_LWIP_Init) for MX_LWIP_Init
    main.o(i.main) refers to usb_host.o(i.MX_USB_HOST_Init) for MX_USB_HOST_Init
    main.o(i.main) refers to fatfs.o(i.MX_FATFS_Init) for MX_FATFS_Init
    main.o(i.main) refers to httpd.o(i.httpd_init) for httpd_init
    main.o(i.main) refers to usb_host.o(i.MX_USB_HOST_Process) for MX_USB_HOST_Process
    main.o(i.main) refers to lwip.o(i.MX_LWIP_Process) for MX_LWIP_Process
    ethernetif.o(i.HAL_ETH_MspDeInit) refers to stm32f1xx_hal_gpio.o(i.HAL_GPIO_DeInit) for HAL_GPIO_DeInit
    ethernetif.o(i.HAL_ETH_MspInit) refers to stm32f1xx_hal_gpio.o(i.HAL_GPIO_Init) for HAL_GPIO_Init
    ethernetif.o(i.ethernetif_init) refers to ethernetif.o(i.low_level_init) for low_level_init
    ethernetif.o(i.ethernetif_init) refers to etharp.o(i.etharp_output) for etharp_output
    ethernetif.o(i.ethernetif_init) refers to ethernetif.o(i.low_level_output) for low_level_output
    ethernetif.o(i.ethernetif_input) refers to ethernetif.o(i.low_level_input) for low_level_input
    ethernetif.o(i.ethernetif_input) refers to pbuf.o(i.pbuf_free) for pbuf_free
    ethernetif.o(i.low_level_init) refers to stm32f1xx_hal_eth.o(i.HAL_ETH_Init) for HAL_ETH_Init
    ethernetif.o(i.low_level_init) refers to stm32f1xx_hal_eth.o(i.HAL_ETH_DMATxDescListInit) for HAL_ETH_DMATxDescListInit
    ethernetif.o(i.low_level_init) refers to stm32f1xx_hal_eth.o(i.HAL_ETH_DMARxDescListInit) for HAL_ETH_DMARxDescListInit
[...]
    .bss                                     0x20005e9a   Section       51  memp.o(.bss)
    .bss                                     0x20005ecd   Section      259  memp.o(.bss)
    .bss                                     0x20005fd0   Section     9731  memp.o(.bss)
    .bss                                     0x200085d4   Section       24  ip.o(.bss)
    .bss                                     0x200085ec   Section       16  tcp_in.o(.bss)
    inseg                                    0x200085ec   Data          16  tcp_in.o(.bss)
    .bss                                     0x200085fc   Section     1088  httpd.o(.bss)
    httpd_req_buf                            0x200085fc   Data        1024  httpd.o(.bss)
    http_uri_buf                             0x200089fc   Data          64  httpd.o(.bss)
    .bss                                     0x20008a3c   Section       12  ff_gen_drv.o(.bss)
    HEAP                                     0x20008a48   Section      512  startup_stm32f107xc.o(HEAP)
    STACK                                    0x20008c48   Section     1024  startup_stm32f107xc.o(STACK)

    Global Symbols

    Symbol Name                              Value     Ov Type        Size  Object(Section)

    BuildAttributes$$THM_ISAv4$P$D$K$B$S$PE$A:L22UL41UL21$X:L11$S22US41US21$IEEE1$IW$USESV6$~STKCKD$USESV7$~SHL$OSPACE$EBA8$MICROLIB$REQ8$PRES8$EABIv2 0x00000000   Number         0  anon$$obj.o ABSOLUTE
    __ARM_use_no_argv                        0x00000000   Number         0  main.o ABSOLUTE
    __cpp_initialize__aeabi_                  - Undefined Weak Reference
    __cxa_finalize                            - Undefined Weak Reference
    __decompress                              - Undefined Weak Reference
    _clock_init                               - Undefined Weak Reference
    _microlib_exit                            - Undefined Weak Reference
    __Vectors_Size                           0x00000150   Number         0  startup_stm32f107xc.o ABSOLUTE
    __Vectors                                0x08000000   Data           4  startup_stm32f107xc.o(RESET)
    __Vectors_End                            0x08000150   Data           0  startup_stm32f107xc.o(RESET)
    __main                                   0x08000151   Thumb Code     0  entry.o(.ARM.Collect$$$$00000000)
    _main_stk                                0x08000151   Thumb Code     0  entry2.o(.ARM.Collect$$$$00000001)
    _main_scatterload                        0x08000155   Thumb Code     0  entry5.o(.ARM.Collect$$$$00000004)
    __main_after_scatterload                 0x08000159   Thumb Code     0  entry5.o(.ARM.Collect$$$$00000004)
    _main_clock                              0x08000159   Thumb Code     0  entry7b.o(.ARM.Collect$$$$00000008)
    _main_cpp_init                           0x08000159   Thumb Code     0  entry8b.o(.ARM.Collect$$$$0000000A)
    _main_init                               0x08000159   Thumb Code     0  entry9a.o(.ARM.Collect$$$$0000000B)
    __rt_final_cpp                           0x08000161   Thumb Code     0  entry10a.o(.ARM.Collect$$$$0000000D)
    __rt_final_exit                          0x08000161   Thumb Code     0  entry11a.o(.ARM.Collect$$$$0000000F)
    Reset_Handler                            0x08000165   Thumb Code     8  startup_stm32f107xc.o(.text)
    ADC1_2_IRQHandler                        0x0800017f   Thumb Code     0  startup_stm32f107xc.o(.text)
    CAN1_RX0_IRQHandler                      0x0800017f   Thumb Code     0  startup_stm32f107xc.o(.text)
    CAN1_RX1_IRQHandler                      0x0800017f   Thumb Code     0  startup_stm32f107xc.o(.text)
    CAN1_SCE_IRQHandler                      0x0800017f   Thumb Code     0  startup_stm32f107xc.o(.text)
    CAN1_TX_IRQHandler                       0x0800017f   Thumb Code     0  startup_stm32f107xc.o(.text)
    CAN2_RX0_IRQHandler                      0x0800017f   Thumb Code     0  startup_stm32f107xc.o(.text)
    CAN2_RX1_IRQHandler                      0x0800017f   Thumb Code     0  startup_stm32f107xc.o(.text)
    CAN2_SCE_IRQHandler                      0x0800017f   Thumb Code     0  startup_stm32f107xc.o(.text)
    CAN2_TX_IRQHandler                       0x0800017f   Thumb Code     0  startup_stm32f107xc.o(.text)
    DMA1_Channel1_IRQHandler                 0x0800017f   Thumb Code     0  startup_stm32f107xc.o(.text)
    DMA1_Channel2_IRQHandler                 0x0800017f   Thumb Code     0  startup_stm32f107xc.o(.text)
    DMA1_Channel3_IRQHandler                 0x0800017f   Thumb Code     0  startup_stm32f107xc.o(.text)
    DMA1_Channel4_IRQHandler                 0x0800017f   Thumb Code     0  startup_stm32f107xc.o(.text)
    DMA1_Channel5_IRQHandler                 0x0800017f   Thumb Code     0  startup_stm32f107xc.o(.text)
    DMA1_Channel6_IRQHandler                 0x0800017f   Thumb Code     0  startup_stm32f107xc.o(.text)
    DMA1_Channel7_IRQHandler                 0x0800017f   Thumb Code     0  startup_stm32f107xc.o(.text)
    DMA2_Channel1_IRQHandler                 0x0800017f   Thumb Code     0  startup_stm32f107xc.o(.text)
    DMA2_Channel2_IRQHandler                 0x0800017f   Thumb Code     0  startup_stm32f107xc.o(.text)
    DMA2_Channel3_IRQHandler                 0x0800017f   Thumb Code     0  startup_stm32f107xc.o(.text)
    DMA2_Channel4_IRQHandler                 0x0800017f   Thumb Code     0  startup_stm32f107xc.o(.text)
    DMA2_Channel5_IRQHandler                 0x0800017f   Thumb Code     0  startup_stm32f107xc.o(.text)
    ETH_IRQHandler                           0x0800017f   Thumb Code     0  startup_stm32f107xc.o(.text)
    ETH_WKUP_IRQHandler                      0x0800017f   Thumb Code     0  startup_stm32f107xc.o(.text)
    EXTI0_IRQHandler                         0x0800017f   Thumb Code     0  startup_stm32f107xc.o(.text)
    EXTI15_10_IRQHandler                     0x0800017f   Thumb Code     0  startup_stm32f107xc.o(.text)
    EXTI1_IRQHandler                         0x0800017f   Thumb Code     0  startup_stm32f107xc.o(.text)
    EXTI2_IRQHandler                         0x0800017f   Thumb Code     0  startup_stm32f107xc.o(.text)
    EXTI3_IRQHandler                         0x0800017f   Thumb Code     0  startup_stm32f107xc.o(.text)
    EXTI4_IRQHandler                         0x0800017f   Thumb Code     0  startup_stm32f107xc.o(.text)
    EXTI9_5_IRQHandler                       0x0800017f   Thumb Code     0  startup_stm32f107xc.o(.text)
    FLASH_IRQHandler                         0x0800017f   Thumb Code     0  startup_stm32f107xc.o(.text)
    I2C1_ER_IRQHandler                       0x0800017f   Thumb Code     0  startup_stm32f107xc.o(.text)
    I2C1_EV_IRQHandler                       0x0800017f   Thumb Code     0  startup_stm32f107xc.o(.text)
    I2C2_ER_IRQHandler                       0x0800017f   Thumb Code     0  startup_stm32f107xc.o(.text)
    I2C2_EV_IRQHandler                       0x0800017f   Thumb Code     0  startup_stm32f107xc.o(.text)
    OTG_FS_WKUP_IRQHandler                   0x0800017f   Thumb Code     0  startup_stm32f107xc.o(.text)
    PVD_IRQHandler                           0x0800017f   Thumb Code     0  startup_stm32f107xc.o(.text)
    RCC_IRQHandler                           0x0800017f   Thumb Code     0  startup_stm32f107xc.o(.text)
    RTC_Alarm_IRQHandler                     0x0800017f   Thumb Code     0  startup_stm32f107xc.o(.text)
    RTC_IRQHandler                           0x0800017f   Thumb Code     0  startup_stm32f107xc.o(.text)
    SPI1_IRQHandler                          0x0800017f   Thumb Code     0  startup_stm32f107xc.o(.text)
    SPI2_IRQHandler                          0x0800017f   Thumb Code     0  startup_stm32f107xc.o(.text)
    SPI3_IRQHandler                          0x0800017f   Thumb Code     0  startup_stm32f107xc.o(.text)
    TAMPER_IRQHandler                        0x0800017f   Thumb Code     0  startup_stm32f107xc.o(.text)
    TIM1_BRK_IRQHandler                      0x0800017f   Thumb Code     0  startup_stm32f107xc.o(.text)
    TIM1_CC_IRQHandler                       0x0800017f   Thumb Code     0  startup_stm32f107xc.o(.text)
    TIM1_TRG_COM_IRQHandler                  0x0800017f   Thumb Code     0  startup_stm32f107xc.o(.text)
    TIM1_UP_IRQHandler                       0x0800017f   Thumb Code     0  startup_stm32f107xc.o(.text)
    TIM2_IRQHandler                          0x0800017f   Thumb Code     0  startup_stm32f107xc.o(.text)
    TIM3_IRQHandler                          0x0800017f   Thumb Code     0  startup_stm32f107xc.o(.text)
    TIM4_IRQHandler                          0x0800017f   Thumb Code     0  startup_stm32f107xc.o(.text)
    TIM5_IRQHandler                          0x0800017f   Thumb Code     0  startup_stm32f107xc.o(.text)
    TIM6_IRQHandler                          0x0800017f   Thumb Code     0  startup_stm32f107xc.o(.text)
    TIM7_IRQHandler                          0x0800017f   Thumb Code     0  startup_stm32f107xc.o(.text)
    UART4_IRQHandler                         0x0800017f   Thumb Code     0  startup_stm32f107xc.o(.text)
    UART5_IRQHandler                         0x0800017f   Thumb Code     0  startup_stm32f107xc.o(.text)
    USART1_IRQHandler                        0x0800017f   Thumb Code     0  startup_stm32f107xc.o(.text)
    USART2_IRQHandler                        0x0800017f   Thumb Code     0  startup_stm32f107xc.o(.text)
    USART3_IRQHandler                        0x0800017f   Thumb Code     0  startup_stm32f107xc.o(.text)
    WWDG_IRQHandler                          0x0800017f   Thumb Code     0  startup_stm32f107xc.o(.text)
    __aeabi_memcpy                           0x08000189   Thumb Code    36  memcpya.o(.text)
    __aeabi_memcpy4                          0x08000189   Thumb Code     0  memcpya.o(.text)
    __aeabi_memcpy8                          0x08000189   Thumb Code     0  memcpya.o(.text)
    __aeabi_memset                           0x080001ad   Thumb Code    14  memseta.o(.text)
    __aeabi_memset4                          0x080001ad   Thumb Code     0  memseta.o(.text)
    __aeabi_memset8                          0x080001ad   Thumb Code     0  memseta.o(.text)
    __aeabi_memclr                           0x080001bb   Thumb Code     4  memseta.o(.text)
    __aeabi_memclr4                          0x080001bb   Thumb Code     0  memseta.o(.text)
    __aeabi_memclr8                          0x080001bb   Thumb Code     0  memseta.o(.text)
    _memset$wrapper                          0x080001bf   Thumb Code    18  memseta.o(.text)
    strchr                                   0x080001d1   Thumb Code    20  strchr.o(.text)
    strlen                                   0x080001e5   Thumb Code    14  strlen.o(.text)
    strcmp                                   0x080001f3   Thumb Code    28  strcmp.o(.text)
    memcmp                                   0x0800020f   Thumb Code    26  memcmp.o(.text)
    strncmp                                  0x08000229   Thumb Code    30  strncmp.o(.text)
    __scatterload                            0x08000249   Thumb Code    28  init.o(.text)
    __scatterload_rt2                        0x08000249   Thumb Code     0  init.o(.text)
    BusFault_Handler                         0x0800026d   Thumb Code     2  stm32f1xx_it.o(i.BusFault_Handler)
    DebugMon_Handler                         0x080002b9   Thumb Code     2  stm32f1xx_it.o(i.DebugMon_Handler)
    FATFS_LinkDriver                         0x08000431   Thumb Code     6  ff_gen_drv.o(i.FATFS_LinkDriver)
    FATFS_LinkDriverEx                       0x08000439   Thumb Code    60  ff_gen_drv.o(i.FATFS_LinkDriverEx)
    HAL_Delay                                0x08000479   Thumb Code    28  stm32f1xx_hal.o(i.HAL_Delay)
    HAL_ETH_DMARxDescListInit                0x08000495   Thumb Code   116  stm32f1xx_hal_eth.o(i.HAL_ETH_DMARxDescListInit)
    HAL_ETH_DMATxDescListInit                0x08000509   Thumb Code   120  stm32f1xx_hal_eth.o(i.HAL_ETH_DMATxDescListInit)
    HAL_ETH_GetReceivedFrame                 0x08000581   Thumb Code   122  stm32f1xx_hal_eth.o(i.HAL_ETH_GetReceivedFrame)
    HAL_ETH_Init                             0x080005fd   Thumb Code   398  stm32f1xx_hal_eth.o(i.HAL_ETH_Init)
    HAL_ETH_MspInit                          0x080007a1   Thumb Code   164  ethernetif.o(i.HAL_ETH_MspInit)
    HAL_ETH_ReadPHYRegister                  0x08000861   Thumb Code   132  stm32f1xx_hal_eth.o(i.HAL_ETH_ReadPHYRegister)
    HAL_ETH_Start                            0x080008e5   Thumb Code   132  stm32f1xx_hal_eth.o(i.HAL_ETH_Start)
    HAL_ETH_TransmitFrame                    0x08000969   Thumb Code   264  stm32f1xx_hal_eth.o(i.HAL_ETH_TransmitFrame)
    HAL_ETH_WritePHYRegister                 0x08000a71   Thumb Code   120  stm32f1xx_hal_eth.o(i.HAL_ETH_WritePHYRegister)
    HAL_GPIO_Init                            0x08000ae9   Thumb Code   408  stm32f1xx_hal_gpio.o(i.HAL_GPIO_Init)
    HAL_GetTick                              0x08000ca5   Thumb Code     6  stm32f1xx_hal.o(i.HAL_GetTick)
    HAL_HCD_Connect_Callback                 0x08000cb1   Thumb Code     8  usbh_conf.o(i.HAL_HCD_Connect_Callback)
    HAL_HCD_Disconnect_Callback              0x08000cb9   Thumb Code     8  usbh_conf.o(i.HAL_HCD_Disconnect_Callback)
    HAL_HCD_GetCurrentFrame                  0x08000cc1   Thumb Code     6  stm32f1xx_hal_hcd.o(i.HAL_HCD_GetCurrentFrame)
    HAL_HCD_GetCurrentSpeed                  0x08000cc7   Thumb Code     6  stm32f1xx_hal_hcd.o(i.HAL_HCD_GetCurrentSpeed)
    HAL_HCD_HC_GetURBState                   0x08000ccd   Thumb Code    14  stm32f1xx_hal_hcd.o(i.HAL_HCD_HC_GetURBState)
    HAL_HCD_HC_GetXferCount                  0x08000cdb   Thumb Code    12  stm32f1xx_hal_hcd.o(i.HAL_HCD_HC_GetXferCount)
    HAL_HCD_HC_Halt                          0x08000ce7   Thumb Code    36  stm32f1xx_hal_hcd.o(i.HAL_HCD_HC_Halt)
    HAL_HCD_HC_Init                          0x08000d0b   Thumb Code    84  stm32f1xx_hal_hcd.o(i.HAL_HCD_HC_Init)
    HAL_HCD_HC_NotifyURBChange_Callback      0x08000d5f   Thumb Code     2  usbh_conf.o(i.HAL_HCD_HC_NotifyURBChange_Callback)
    HAL_HCD_HC_SubmitRequest                 0x08000d61   Thumb Code   180  stm32f1xx_hal_hcd.o(i.HAL_HCD_HC_SubmitRequest)
    HAL_HCD_IRQHandler                       0x08000e15   Thumb Code   302  stm32f1xx_hal_hcd.o(i.HAL_HCD_IRQHandler)
    HAL_HCD_Init                             0x08000f43   Thumb Code   104  stm32f1xx_hal_hcd.o(i.HAL_HCD_Init)
    HAL_HCD_MspInit                          0x08000fad   Thumb Code    50  usbh_conf.o(i.HAL_HCD_MspInit)
    HAL_HCD_ResetPort                        0x08000fe5   Thumb Code     6  stm32f1xx_hal_hcd.o(i.HAL_HCD_ResetPort)
    HAL_HCD_SOF_Callback                     0x08000feb   Thumb Code     8  usbh_conf.o(i.HAL_HCD_SOF_Callback)
    HAL_HCD_Start                            0x08000ff3   Thumb Code    44  stm32f1xx_hal_hcd.o(i.HAL_HCD_Start)
    HAL_HCD_Stop                             0x0800101f   Thumb Code    36  stm32f1xx_hal_hcd.o(i.HAL_HCD_Stop)
    HAL_IncTick                              0x08001045   Thumb Code    10  stm32f1xx_hal.o(i.HAL_IncTick)
    HAL_Init                                 0x08001055   Thumb Code    32  stm32f1xx_hal.o(i.HAL_Init)
    HAL_InitTick                             0x08001079   Thumb Code    34  stm32f1xx_hal.o(i.HAL_InitTick)
    HAL_MspInit                              0x080010a1   Thumb Code   122  stm32f1xx_hal_msp.o(i.HAL_MspInit)
    HAL_NVIC_EnableIRQ                       0x08001125   Thumb Code    22  stm32f1xx_hal_cortex.o(i.HAL_NVIC_EnableIRQ)
    HAL_NVIC_SetPriority                     0x0800113d   Thumb Code    60  stm32f1xx_hal_cortex.o(i.HAL_NVIC_SetPriority)
    HAL_NVIC_SetPriorityGrouping             0x0800117d   Thumb Code    26  stm32f1xx_hal_cortex.o(i.HAL_NVIC_SetPriorityGrouping)
    HAL_RCCEx_PeriphCLKConfig                0x080011a1   Thumb Code   374  stm32f1xx_hal_rcc_ex.o(i.HAL_RCCEx_PeriphCLKConfig)
    HAL_RCC_ClockConfig                      0x08001329   Thumb Code   322  stm32f1xx_hal_rcc.o(i.HAL_RCC_ClockConfig)
    HAL_RCC_GetHCLKFreq                      0x0800147d   Thumb Code     6  stm32f1xx_hal_rcc.o(i.HAL_RCC_GetHCLKFreq)
    HAL_RCC_GetSysClockFreq                  0x08001489   Thumb Code   116  stm32f1xx_hal_rcc.o(i.HAL_RCC_GetSysClockFreq)
    HAL_RCC_OscConfig                        0x08001529   Thumb Code   946  stm32f1xx_hal_rcc.o(i.HAL_RCC_OscConfig)
    HAL_SYSTICK_CLKSourceConfig              0x080018f1   Thumb Code    24  stm32f1xx_hal_cortex.o(i.HAL_SYSTICK_CLKSourceConfig)
    HAL_SYSTICK_Callback                     0x08001909   Thumb Code     2  stm32f1xx_hal_cortex.o(i.HAL_SYSTICK_Callback)
    HAL_SYSTICK_Config                       0x0800190b   Thumb Code    40  stm32f1xx_hal_cortex.o(i.HAL_SYSTICK_Config)
    HAL_SYSTICK_IRQHandler                   0x08001933   Thumb Code     8  stm32f1xx_hal_cortex.o(i.HAL_SYSTICK_IRQHandler)
    HardFault_Handler                        0x08001e91   Thumb Code     2  stm32f1xx_it.o(i.HardFault_Handler)
    MX_FATFS_Init                            0x08001e95   Thumb Code    18  fatfs.o(i.MX_FATFS_Init)
    MX_LWIP_Init                             0x08001eb1   Thumb Code   150  lwip.o(i.MX_LWIP_Init)
    MX_LWIP_Process                          0x08001f59   Thumb Code    16  lwip.o(i.MX_LWIP_Process)
    MX_USB_HOST_Init                         0x08001f6d   Thumb Code    30  usb_host.o(i.MX_USB_HOST_Init)
    MX_USB_HOST_Process                      0x08001f99   Thumb Code     6  usb_host.o(i.MX_USB_HOST_Process)
    MemManage_Handler                        0x08001fa5   Thumb Code     2  stm32f1xx_it.o(i.MemManage_Handler)
    NMI_Handler                              0x08001fa7   Thumb Code     2  stm32f1xx_it.o(i.NMI_Handler)
    OTG_FS_IRQHandler                        0x08001fc9   Thumb Code     6  stm32f1xx_it.o(i.OTG_FS_IRQHandler)
    PendSV_Handler                           0x08001fd5   Thumb Code     2  stm32f1xx_it.o(i.PendSV_Handler)
    SVC_Handler                              0x08001fd7   Thumb Code     2  stm32f1xx_it.o(i.SVC_Handler)
    SysTick_Handler                          0x08001fd9   Thumb Code    14  stm32f1xx_it.o(i.SysTick_Handler)
    SystemClock_Config                       0x08001fe9   Thumb Code   128  main.o(i.SystemClock_Config)
    SystemInit                               0x0800206d   Thumb Code    68  system_stm32f1xx.o(i.SystemInit)
    USBH_AllocPipe                           0x080020c1   Thumb Code    52  usbh_pipes.o(i.USBH_AllocPipe)
    USBH_BulkReceiveData                     0x080020f5   Thumb Code    32  usbh_ioreq.o(i.USBH_BulkReceiveData)
    USBH_BulkSendData                        0x08002115   Thumb Code    40  usbh_ioreq.o(i.USBH_BulkSendData)
    USBH_ClosePipe                           0x0800213d   Thumb Code    10  usbh_pipes.o(i.USBH_ClosePipe)
    USBH_ClrFeature                          0x08002147   Thumb Code    30  usbh_ctlreq.o(i.USBH_ClrFeature)
    USBH_CtlReceiveData                      0x08002165   Thumb Code    30  usbh_ioreq.o(i.USBH_CtlReceiveData)
    USBH_CtlReq                              0x08002183   Thumb Code    54  usbh_ctlreq.o(i.USBH_CtlReq)
    USBH_CtlSendData                         0x080021b9   Thumb Code    40  usbh_ioreq.o(i.USBH_CtlSendData)
    USBH_CtlSendSetup                        0x080021e1   Thumb Code    30  usbh_ioreq.o(i.USBH_CtlSendSetup)
    USBH_Delay                               0x080021ff   Thumb Code     4  usbh_conf.o(i.USBH_Delay)
    USBH_FindInterface                       0x08002203   Thumb Code    68  usbh_core.o(i.USBH_FindInterface)
    USBH_FreePipe                            0x08002247   Thumb Code    24  usbh_pipes.o(i.USBH_FreePipe)
    USBH_GetDescriptor                       0x0800225f   Thumb Code    52  usbh_ctlreq.o(i.USBH_GetDescriptor)
    USBH_GetNextDesc                         0x08002293   Thumb Code    14  usbh_ctlreq.o(i.USBH_GetNextDesc)
    USBH_Get_CfgDesc                         0x080022a1   Thumb Code    44  usbh_ctlreq.o(i.USBH_Get_CfgDesc)
    USBH_Get_DevDesc                         0x080022cd   Thumb Code   154  usbh_ctlreq.o(i.USBH_Get_DevDesc)
    USBH_Get_StringDesc                      0x08002367   Thumb Code    72  usbh_ctlreq.o(i.USBH_Get_StringDesc)
    USBH_Init                                0x0800261f   Thumb Code    48  usbh_core.o(i.USBH_Init)
    USBH_LL_ClosePipe                        0x0800264f   Thumb Code    32  usbh_conf.o(i.USBH_LL_ClosePipe)
    USBH_LL_Connect                          0x0800266f   Thumb Code    40  usbh_core.o(i.USBH_LL_Connect)
    USBH_LL_Disconnect                       0x08002697   Thumb Code    56  usbh_core.o(i.USBH_LL_Disconnect)
    USBH_LL_DriverVBUS                       0x080026cf   Thumb Code    12  usbh_conf.o(i.USBH_LL_DriverVBUS)
    USBH_LL_GetLastXferSize                  0x080026db   Thumb Code     8  usbh_conf.o(i.USBH_LL_GetLastXferSize)
    USBH_LL_GetSpeed                         0x080026e3   Thumb Code    34  usbh_conf.o(i.USBH_LL_GetSpeed)
    USBH_LL_GetToggle                        0x08002705   Thumb Code    30  usbh_conf.o(i.USBH_LL_GetToggle)
    USBH_LL_GetURBState                      0x08002723   Thumb Code     8  usbh_conf.o(i.USBH_LL_GetURBState)
    USBH_LL_IncTimer                         0x0800272b   Thumb Code    30  usbh_core.o(i.USBH_LL_IncTimer)
    USBH_LL_Init                             0x08002749   Thumb Code    72  usbh_conf.o(i.USBH_LL_Init)
    USBH_LL_OpenPipe                         0x080027a9   Thumb Code    42  usbh_conf.o(i.USBH_LL_OpenPipe)
    USBH_LL_ResetPort                        0x080027d3   Thumb Code    32  usbh_conf.o(i.USBH_LL_ResetPort)
    USBH_LL_SetTimer                         0x080027f3   Thumb Code     6  usbh_core.o(i.USBH_LL_SetTimer)
    USBH_LL_SetToggle                        0x080027f9   Thumb Code    32  usbh_conf.o(i.USBH_LL_SetToggle)
    USBH_LL_Start                            0x08002819   Thumb Code    32  usbh_conf.o(i.USBH_LL_Start)
    USBH_LL_Stop                             0x08002839   Thumb Code    32  usbh_conf.o(i.USBH_LL_Stop)
    USBH_LL_SubmitURB                        0x08002859   Thumb Code    48  usbh_conf.o(i.USBH_LL_SubmitURB)
    USBH_MSC_BOT_Init                        0x080028a9   Thumb Code    26  usbh_msc_bot.o(i.USBH_MSC_BOT_Init)
    USBH_MSC_BOT_Process                     0x080028cd   Thumb Code   470  usbh_msc_bot.o(i.USBH_MSC_BOT_Process)
    USBH_MSC_BOT_REQ_GetMaxLUN               0x08002aa9   Thumb Code    22  usbh_msc_bot.o(i.USBH_MSC_BOT_REQ_GetMaxLUN)
    USBH_MSC_BOT_REQ_Reset                   0x08002abf   Thumb Code    22  usbh_msc_bot.o(i.USBH_MSC_BOT_REQ_Reset)
    USBH_MSC_GetLUNInfo                      0x08002b41   Thumb Code    46  usbh_msc.o(i.USBH_MSC_GetLUNInfo)
    USBH_MSC_Read                            0x08003023   Thumb Code   138  usbh_msc.o(i.USBH_MSC_Read)
    USBH_MSC_SCSI_Inquiry                    0x080030ad   Thumb Code   192  usbh_msc_scsi.o(i.USBH_MSC_SCSI_Inquiry)
    USBH_MSC_SCSI_Read                       0x0800316d   Thumb Code   124  usbh_msc_scsi.o(i.USBH_MSC_SCSI_Read)
    USBH_MSC_SCSI_ReadCapacity               0x080031e9   Thumb Code   122  usbh_msc_scsi.o(i.USBH_MSC_SCSI_ReadCapacity)
    USBH_MSC_SCSI_RequestSense               0x08003263   Thumb Code   146  usbh_msc_scsi.o(i.USBH_MSC_SCSI_RequestSense)
    USBH_MSC_SCSI_TestUnitReady              0x080032f5   Thumb Code    76  usbh_msc_scsi.o(i.USBH_MSC_SCSI_TestUnitReady)
    USBH_MSC_SCSI_Write                      0x08003341   Thumb Code   124  usbh_msc_scsi.o(i.USBH_MSC_SCSI_Write)
    USBH_MSC_UnitIsReady                     0x080033c1   Thumb Code    38  usbh_msc.o(i.USBH_MSC_UnitIsReady)
    USBH_MSC_Write                           0x080033e7   Thumb Code   138  usbh_msc.o(i.USBH_MSC_Write)
    USBH_OpenPipe                            0x08003471   Thumb Code    20  usbh_pipes.o(i.USBH_OpenPipe)
    USBH_Process                             0x0800356d   Thumb Code   360  usbh_core.o(i.USBH_Process)
    USBH_RegisterClass                       0x080036d5   Thumb Code    28  usbh_core.o(i.USBH_RegisterClass)
    USBH_SelectInterface                     0x080036f1   Thumb Code    22  usbh_core.o(i.USBH_SelectInterface)
    USBH_SetAddress                          0x08003707   Thumb Code    28  usbh_ctlreq.o(i.USBH_SetAddress)
    USBH_SetCfg                              0x08003723   Thumb Code    28  usbh_ctlreq.o(i.USBH_SetCfg)
    USBH_Start                               0x0800373f   Thumb Code    20  usbh_core.o(i.USBH_Start)
    USBH_initialize                          0x08003775   Thumb Code     4  usbh_diskio.o(i.USBH_initialize)
    USBH_ioctl                               0x08003779   Thumb Code    74  usbh_diskio.o(i.USBH_ioctl)
    USBH_read                                0x080037c9   Thumb Code    66  usbh_diskio.o(i.USBH_read)
    USBH_status                              0x08003811   Thumb Code    20  usbh_diskio.o(i.USBH_status)
    USBH_write                               0x08003829   Thumb Code    74  usbh_diskio.o(i.USBH_write)
    USB_CoreInit                             0x08003879   Thumb Code    28  stm32f1xx_ll_usb.o(i.USB_CoreInit)
    USB_DisableGlobalInt                     0x080038e1   Thumb Code    12  stm32f1xx_ll_usb.o(i.USB_DisableGlobalInt)
    USB_DriveVbus                            0x080038ed   Thumb Code    44  stm32f1xx_ll_usb.o(i.USB_DriveVbus)
    USB_EnableGlobalInt                      0x08003919   Thumb Code    12  stm32f1xx_ll_usb.o(i.USB_EnableGlobalInt)
    USB_FlushRxFifo                          0x08003925   Thumb Code    28  stm32f1xx_ll_usb.o(i.USB_FlushRxFifo)
    USB_FlushTxFifo                          0x08003945   Thumb Code    32  stm32f1xx_ll_usb.o(i.USB_FlushTxFifo)
    USB_GetCurrentFrame                      0x08003969   Thumb Code     8  stm32f1xx_ll_usb.o(i.USB_GetCurrentFrame)
    USB_GetHostSpeed                         0x08003971   Thumb Code    14  stm32f1xx_ll_usb.o(i.USB_GetHostSpeed)
    USB_GetMode                              0x0800397f   Thumb Code     8  stm32f1xx_ll_usb.o(i.USB_GetMode)
    USB_HC_Halt                              0x08003987   Thumb Code   378  stm32f1xx_ll_usb.o(i.USB_HC_Halt)
    USB_HC_Init                              0x08003b01   Thumb Code   210  stm32f1xx_ll_usb.o(i.USB_HC_Init)
    USB_HC_ReadInterrupt                     0x08003bd3   Thumb Code    12  stm32f1xx_ll_usb.o(i.USB_HC_ReadInterrupt)
    USB_HC_StartXfer                         0x08003be1   Thumb Code   298  stm32f1xx_ll_usb.o(i.USB_HC_StartXfer)
    USB_HostInit                             0x08003d11   Thumb Code   166  stm32f1xx_ll_usb.o(i.USB_HostInit)
    USB_InitFSLSPClkSel                      0x08003dc5   Thumb Code    54  stm32f1xx_ll_usb.o(i.USB_InitFSLSPClkSel)
    USB_ReadInterrupts                       0x08003dfb   Thumb Code     8  stm32f1xx_ll_usb.o(i.USB_ReadInterrupts)
    USB_ReadPacket                           0x08003e03   Thumb Code    32  stm32f1xx_ll_usb.o(i.USB_ReadPacket)
    USB_ResetPort                            0x08003e23   Thumb Code    44  stm32f1xx_ll_usb.o(i.USB_ResetPort)
    USB_SetCurrentMode                       0x08003e4f   Thumb Code    44  stm32f1xx_ll_usb.o(i.USB_SetCurrentMode)
    USB_StopHost                             0x08003e7b   Thumb Code   180  stm32f1xx_ll_usb.o(i.USB_StopHost)
    USB_WritePacket                          0x08003f31   Thumb Code    36  stm32f1xx_ll_usb.o(i.USB_WritePacket)
    UsageFault_Handler                       0x08003f55   Thumb Code     2  stm32f1xx_it.o(i.UsageFault_Handler)
    _Error_Handler                           0x08003f57   Thumb Code     2  main.o(i._Error_Handler)
    __scatterload_copy                       0x08003f59   Thumb Code    14  handlers.o(i.__scatterload_copy)
    __scatterload_null                       0x08003f67   Thumb Code     2  handlers.o(i.__scatterload_null)
    __scatterload_zeroinit                   0x08003f69   Thumb Code    14  handlers.o(i.__scatterload_zeroinit)
    etharp_cleanup_netif                     0x08003fb1   Thumb Code    42  etharp.o(i.etharp_cleanup_netif)
    etharp_input                             0x080040e1   Thumb Code   160  etharp.o(i.etharp_input)
    etharp_output                            0x08004181   Thumb Code   224  etharp.o(i.etharp_output)
    etharp_query                             0x080042cd   Thumb Code   232  etharp.o(i.etharp_query)
    etharp_request                           0x08004445   Thumb Code     6  etharp.o(i.etharp_request)
    etharp_tmr                               0x08004471   Thumb Code    92  etharp.o(i.etharp_tmr)
    ethernet_input                           0x08004551   Thumb Code   154  ethernet.o(i.ethernet_input)
    ethernet_output                          0x080045f1   Thumb Code    74  ethernet.o(i.ethernet_output)
    ethernetif_init                          0x0800463d   Thumb Code    30  ethernetif.o(i.ethernetif_init)
    ethernetif_input                         0x08004665   Thumb Code    34  ethernetif.o(i.ethernetif_input)
    free                                     0x08004689   Thumb Code    76  malloc.o(i.free)
    fs_bytes_left                            0x080046d9   Thumb Code     8  fs.o(i.fs_bytes_left)
    fs_close                                 0x080046e1   Thumb Code     2  fs.o(i.fs_close)
    fs_open                                  0x080046e5   Thumb Code    64  fs.o(i.fs_open)
    httpd_init                               0x08004c8d   Thumb Code    44  httpd.o(i.httpd_init)
    icmp_dest_unreach                        0x08004cc1   Thumb Code     8  icmp.o(i.icmp_dest_unreach)
    icmp_input                               0x08004cc9   Thumb Code   240  icmp.o(i.icmp_input)
    icmp_time_exceeded                       0x08004e29   Thumb Code     8  icmp.o(i.icmp_time_exceeded)
    ip4_addr_isbroadcast_u32                 0x08004e31   Thumb Code    46  ip4_addr.o(i.ip4_addr_isbroadcast_u32)
    ip4_frag                                 0x08004e61   Thumb Code   342  ip4_frag.o(i.ip4_frag)
    ip4_input                                0x08004fbd   Thumb Code   404  ip4.o(i.ip4_input)
    ip4_output_if                            0x08005159   Thumb Code    30  ip4.o(i.ip4_output_if)
    ip4_output_if_src                        0x08005179   Thumb Code   160  ip4.o(i.ip4_output_if_src)
    ip4_reass                                0x08005221   Thumb Code   396  ip4_frag.o(i.ip4_reass)
    ip4_route                                0x080053b1   Thumb Code    82  ip4.o(i.ip4_route)
    ip_reass_tmr                             0x08005615   Thumb Code    40  ip4_frag.o(i.ip_reass_tmr)
    lwip_htonl                               0x080058ad   Thumb Code     4  def.o(i.lwip_htonl)
    lwip_htons                               0x080058b1   Thumb Code     4  def.o(i.lwip_htons)
    lwip_init                                0x080058b5   Thumb Code    30  init.o(i.lwip_init)
    lwip_strnstr                             0x080058d3   Thumb Code    64  def.o(i.lwip_strnstr)
    main                                     0x08005915   Thumb Code   102  main.o(i.main)
    malloc                                   0x08005981   Thumb Code    92  malloc.o(i.malloc)
    mem_free                                 0x080059ed   Thumb Code    40  mem.o(i.mem_free)
    mem_init                                 0x08005a19   Thumb Code    42  mem.o(i.mem_init)
    mem_malloc                               0x08005a4d   Thumb Code   162  mem.o(i.mem_malloc)
    mem_trim                                 0x08005af5   Thumb Code   200  mem.o(i.mem_trim)
    memp_free                                0x08005bc1   Thumb Code    20  memp.o(i.memp_free)
    memp_init                                0x08005bd9   Thumb Code    26  memp.o(i.memp_init)
    memp_init_pool                           0x08005bf9   Thumb Code    42  memp.o(i.memp_init_pool)
    memp_malloc                              0x08005c25   Thumb Code    18  memp.o(i.memp_malloc)
    netif_add                                0x08005c3d   Thumb Code    74  netif.o(i.netif_add)
    netif_init                               0x08005c8d   Thumb Code     2  netif.o(i.netif_init)
    netif_set_addr                           0x08005ca9   Thumb Code    72  netif.o(i.netif_set_addr)
    netif_set_default                        0x08005cf1   Thumb Code     6  netif.o(i.netif_set_default)
    netif_set_down                           0x08005cfd   Thumb Code    26  netif.o(i.netif_set_down)
    netif_set_gw                             0x08005d17   Thumb Code     8  netif.o(i.netif_set_gw)
    netif_set_ipaddr                         0x08005d21   Thumb Code    60  netif.o(i.netif_set_ipaddr)
    netif_set_netmask                        0x08005d61   Thumb Code     8  netif.o(i.netif_set_netmask)
    netif_set_up                             0x08005d69   Thumb Code    28  netif.o(i.netif_set_up)
    pbuf_alloc                               0x08005d85   Thumb Code   290  pbuf.o(i.pbuf_alloc)
    pbuf_alloced_custom                      0x08005ead   Thumb Code    82  pbuf.o(i.pbuf_alloced_custom)
    pbuf_cat                                 0x08005eff   Thumb Code    40  pbuf.o(i.pbuf_cat)
    pbuf_clen                                0x08005f27   Thumb Code    18  pbuf.o(i.pbuf_clen)
    pbuf_copy                                0x08005f39   Thumb Code   154  pbuf.o(i.pbuf_copy)
    pbuf_copy_partial                        0x08005fd3   Thumb Code   104  pbuf.o(i.pbuf_copy_partial)
    pbuf_free                                0x0800603b   Thumb Code    80  pbuf.o(i.pbuf_free)
    pbuf_free_ooseq                          0x0800608d   Thumb Code    34  pbuf.o(i.pbuf_free_ooseq)
    pbuf_header                              0x080060b9   Thumb Code     6  pbuf.o(i.pbuf_header)
    pbuf_header_force                        0x080060bf   Thumb Code     6  pbuf.o(i.pbuf_header_force)
    pbuf_realloc                             0x08006129   Thumb Code    84  pbuf.o(i.pbuf_realloc)
    pbuf_ref                                 0x0800617d   Thumb Code    12  pbuf.o(i.pbuf_ref)
    sys_check_timeouts                       0x080061dd   Thumb Code    80  timeouts.o(i.sys_check_timeouts)
    sys_now                                  0x08006235   Thumb Code     4  ethernetif.o(i.sys_now)
    sys_timeout                              0x08006239   Thumb Code   140  timeouts.o(i.sys_timeout)
    sys_timeouts_init                        0x080062c9   Thumb Code    38  timeouts.o(i.sys_timeouts_init)
    tcp_abandon                              0x080062fd   Thumb Code   208  tcp.o(i.tcp_abandon)
    tcp_abort                                0x080063d1   Thumb Code     6  tcp.o(i.tcp_abort)
    tcp_accept                               0x080063d7   Thumb Code    14  tcp.o(i.tcp_accept)
    tcp_alloc                                0x080063f5   Thumb Code   250  tcp.o(i.tcp_alloc)
    tcp_arg                                  0x080064fd   Thumb Code     8  tcp.o(i.tcp_arg)
    tcp_bind                                 0x08006505   Thumb Code   134  tcp.o(i.tcp_bind)
    tcp_close                                0x08006599   Thumb Code    20  tcp.o(i.tcp_close)
    tcp_eff_send_mss_impl                    0x080067a9   Thumb Code    34  tcp.o(i.tcp_eff_send_mss_impl)
    tcp_enqueue_flags                        0x080067cb   Thumb Code   144  tcp_out.o(i.tcp_enqueue_flags)
    tcp_err                                  0x0800685b   Thumb Code    10  tcp.o(i.tcp_err)
    tcp_fasttmr                              0x08006865   Thumb Code    84  tcp.o(i.tcp_fasttmr)
    tcp_init                                 0x080068ed   Thumb Code     2  tcp.o(i.tcp_init)
    tcp_input                                0x080068f1   Thumb Code   850  tcp_in.o(i.tcp_input)
    tcp_keepalive                            0x08006c5d   Thumb Code    82  tcp_out.o(i.tcp_keepalive)
    tcp_listen_with_backlog                  0x08006dd9   Thumb Code   124  tcp.o(i.tcp_listen_with_backlog)
    tcp_netif_ip_addr_changed                0x08006e5d   Thumb Code    72  tcp.o(i.tcp_netif_ip_addr_changed)
    tcp_new_ip_type                          0x08006ecb   Thumb Code     6  tcp.o(i.tcp_new_ip_type)
    tcp_next_iss                             0x08006f2d   Thumb Code    12  tcp.o(i.tcp_next_iss)
    tcp_output                               0x08006fb5   Thumb Code   452  tcp_out.o(i.tcp_output)
    tcp_pcb_purge                            0x08007353   Thumb Code    66  tcp.o(i.tcp_pcb_purge)
    tcp_pcb_remove                           0x08007395   Thumb Code    80  tcp.o(i.tcp_pcb_remove)
    tcp_poll                                 0x080073e5   Thumb Code     8  tcp.o(i.tcp_poll)
    tcp_process_refused_data                 0x0800775d   Thumb Code   108  tcp.o(i.tcp_process_refused_data)
    tcp_recv                                 0x08007e8d   Thumb Code    10  tcp.o(i.tcp_recv)
    tcp_recv_null                            0x08007e97   Thumb Code    36  tcp.o(i.tcp_recv_null)
    tcp_recved                               0x08007ebb   Thumb Code    66  tcp.o(i.tcp_recved)
    tcp_rexmit                               0x08007efd   Thumb Code    82  tcp_out.o(i.tcp_rexmit)
    tcp_rexmit_fast                          0x08007f4f   Thumb Code    92  tcp_out.o(i.tcp_rexmit_fast)
    tcp_rexmit_rto                           0x08007fab   Thumb Code    46  tcp_out.o(i.tcp_rexmit_rto)
    tcp_rst                                  0x08007fd9   Thumb Code   128  tcp_out.o(i.tcp_rst)
    tcp_seg_copy                             0x08008059   Thumb Code    40  tcp.o(i.tcp_seg_copy)
    tcp_seg_free                             0x08008081   Thumb Code    28  tcp.o(i.tcp_seg_free)
    tcp_segs_free                            0x0800809d   Thumb Code    18  tcp.o(i.tcp_segs_free)
    tcp_send_empty_ack                       0x080080af   Thumb Code   114  tcp_out.o(i.tcp_send_empty_ack)
    tcp_send_fin                             0x08008121   Thumb Code    68  tcp_out.o(i.tcp_send_fin)
    tcp_sent                                 0x08008165   Thumb Code     8  tcp.o(i.tcp_sent)
    tcp_setprio                              0x0800816d   Thumb Code     4  tcp.o(i.tcp_setprio)
    tcp_slowtmr                              0x08008171   Thumb Code   622  tcp.o(i.tcp_slowtmr)
    tcp_timer_needed                         0x080083f1   Thumb Code    36  timeouts.o(i.tcp_timer_needed)
    tcp_tmr                                  0x0800848d   Thumb Code    28  tcp.o(i.tcp_tmr)
    tcp_trigger_input_pcb_close              0x080084ad   Thumb Code    12  tcp_in.o(i.tcp_trigger_input_pcb_close)
    tcp_update_rcv_ann_wnd                   0x080084bd   Thumb Code    52  tcp.o(i.tcp_update_rcv_ann_wnd)
    tcp_write                                0x080084f1   Thumb Code   752  tcp_out.o(i.tcp_write)
    tcp_zero_window_probe                    0x080087e1   Thumb Code   180  tcp_out.o(i.tcp_zero_window_probe)
    udp_init                                 0x080088cd   Thumb Code     2  udp.o(i.udp_init)
    udp_input                                0x080088d1   Thumb Code   282  udp.o(i.udp_input)
    udp_netif_ip_addr_changed                0x080089f5   Thumb Code    48  udp.o(i.udp_netif_ip_addr_changed)
    ethbroadcast                             0x08008a28   Data           6  ethernet.o(.constdata)
    ethzero                                  0x08008a2e   Data           6  ethernet.o(.constdata)
    ip_addr_any                              0x08008a34   Data           4  ip4_addr.o(.constdata)
    tcp_pcb_lists                            0x08008a7c   Data          16  tcp.o(.constdata)
    lwip_cyclic_timers                       0x08008a8c   Data          24  timeouts.o(.constdata)
    memp_UDP_PCB                             0x08008aa4   Data          12  memp.o(.constdata)
    memp_TCP_PCB                             0x08008ab0   Data          12  memp.o(.constdata)
    memp_TCP_PCB_LISTEN                      0x08008abc   Data          12  memp.o(.constdata)
    memp_TCP_SEG                             0x08008ac8   Data          12  memp.o(.constdata)
    memp_REASSDATA                           0x08008ad4   Data          12  memp.o(.constdata)
    memp_FRAG_PBUF                           0x08008ae0   Data          12  memp.o(.constdata)
    memp_SYS_TIMEOUT                         0x08008aec   Data          12  memp.o(.constdata)
    memp_PBUF                                0x08008af8   Data          12  memp.o(.constdata)
    memp_PBUF_POOL                           0x08008b04   Data          12  memp.o(.constdata)
    memp_pools                               0x08008b10   Data          36  memp.o(.constdata)
    g_psDefaultFilenames                     0x08008b34   Data          40  httpd.o(.constdata)
    file__img_sics_gif                       0x080098b4   Data          20  fs.o(.constdata)
    file__404_html                           0x080098c8   Data          20  fs.o(.constdata)
    file__index_html                         0x080098dc   Data          20  fs.o(.constdata)
    AHBPrescTable                            0x080098f0   Data          16  system_stm32f1xx.o(.constdata)
    USBH_Driver                              0x08009900   Data          20  usbh_diskio.o(.constdata)
    Region$$Table$$Base                      0x080099d0   Number         0  anon$$obj.o(Region$$Table)
    Region$$Table$$Limit                     0x080099f0   Number         0  anon$$obj.o(Region$$Table)
    ipaddr                                   0x20000000   Data           4  lwip.o(.data)
    netmask                                  0x20000004   Data           4  lwip.o(.data)
    gw                                       0x20000008   Data           4  lwip.o(.data)
    IP_ADDRESS                               0x2000000c   Data           4  lwip.o(.data)
    NETMASK_ADDRESS                          0x20000010   Data           4  lwip.o(.data)
    GATEWAY_ADDRESS                          0x20000014   Data           4  lwip.o(.data)
    Appli_state                              0x20000018   Data           1  usb_host.o(.data)
    retUSBH                                  0x20000019   Data           1  fatfs.o(.data)
    USBHPath                                 0x2000001a   Data           4  fatfs.o(.data)
    tcp_active_pcbs_changed                  0x2000002c   Data           1  tcp.o(.data)
    tcp_ticks                                0x20000038   Data           4  tcp.o(.data)
    tcp_bound_pcbs                           0x2000003c   Data           4  tcp.o(.data)
    tcp_listen_pcbs                          0x20000040   Data           4  tcp.o(.data)
    tcp_active_pcbs                          0x20000044   Data           4  tcp.o(.data)
    tcp_tw_pcbs                              0x20000048   Data           4  tcp.o(.data)
    pbuf_free_ooseq_pending                  0x2000004d   Data           1  pbuf.o(.data)
    tcp_input_pcb                            0x200000a0   Data           4  tcp_in.o(.data)
    netif_list                               0x200000a8   Data           4  netif.o(.data)
    netif_default                            0x200000ac   Data           4  netif.o(.data)
    udp_pcbs                                 0x200000b4   Data           4  udp.o(.data)
    SystemCoreClock                          0x200000c0   Data           4  system_stm32f1xx.o(.data)
    uwTick                                   0x200000c4   Data           4  stm32f1xx_hal.o(.data)
    USBH_msc                                 0x200000c8   Data          32  usbh_msc.o(.data)
    __microlib_freelist                      0x200000e8   Data           4  mvars.o(.data)
    __microlib_freelist_initialised          0x200000ec   Data           4  mvars.o(.data)
    gnetif                                   0x200000f0   Data          48  lwip.o(.bss)
    DMARxDscrTab                             0x20000120   Data         128  ethernetif.o(.bss)
    DMATxDscrTab                             0x200001a0   Data          64  ethernetif.o(.bss)
    Rx_Buff                                  0x200001e0   Data       12192  ethernetif.o(.bss)
    Tx_Buff                                  0x20003180   Data        6096  ethernetif.o(.bss)
    heth                                     0x20004950   Data          72  ethernetif.o(.bss)
    hUsbHostFS                               0x20004998   Data         968  usb_host.o(.bss)
    hhcd_USB_OTG_FS                          0x20004d60   Data         644  usbh_conf.o(.bss)
    ram_heap                                 0x20004fe4   Data        1619  mem.o(.bss)
    memp_memory_UDP_PCB_base                 0x20005728   Data         131  memp.o(.bss)
    memp_memory_TCP_PCB_base                 0x200057ab   Data         763  memp.o(.bss)
    memp_memory_TCP_PCB_LISTEN_base          0x20005aa6   Data         227  memp.o(.bss)
    memp_memory_TCP_SEG_base                 0x20005b89   Data         259  memp.o(.bss)
    memp_memory_REASSDATA_base               0x20005c8c   Data         163  memp.o(.bss)
    memp_memory_FRAG_PBUF_base               0x20005d2f   Data         363  memp.o(.bss)
    memp_memory_SYS_TIMEOUT_base             0x20005e9a   Data          51  memp.o(.bss)
    memp_memory_PBUF_base                    0x20005ecd   Data         259  memp.o(.bss)
    memp_memory_PBUF_POOL_base               0x20005fd0   Data        9731  memp.o(.bss)
    ip_data                                  0x200085d4   Data          24  ip.o(.bss)
    disk                                     0x20008a3c   Data          12  ff_gen_drv.o(.bss)
    __heap_base                              0x20008a48   Data           0  startup_stm32f107xc.o(HEAP)
    __heap_limit                             0x20008c48   Data           0  startup_stm32f107xc.o(HEAP)
    __initial_sp                             0x20009048   Data           0  startup_stm32f107xc.o(STACK)



==============================================================================

Memory Map of the image

  Image Entry point : 0x08000151

  Load Region LR_IROM1 (Base: 0x08000000, Size: 0x00009ae0, Max: 0x00040000, ABSOLUTE)

    Execution Region ER_IROM1 (Base: 0x08000000, Size: 0x000099f0, Max: 0x00040000, ABSOLUTE)

    Base Addr    Size         Type   Attr      Idx    E Section Name        Object

    0x08000000   0x00000150   Data   RO            3    RESET               startup_stm32f107xc.o
    0x08000150   0x00000000   Code   RO         6254  * .ARM.Collect$$$$00000000  mc_w.l(entry.o)
    0x08000150   0x00000004   Code   RO         6303    .ARM.Collect$$$$00000001  mc_w.l(entry2.o)
    0x08000154   0x00000004   Code   RO         6306    .ARM.Collect$$$$00000004  mc_w.l(entry5.o)
    0x08000158   0x00000000   Code   RO         6308    .ARM.Collect$$$$00000008  mc_w.l(entry7b.o)
    0x08000158   0x00000000   Code   RO         6310    .ARM.Collect$$$$0000000A  mc_w.l(entry8b.o)
    0x08000158   0x00000008   Code   RO         6311    .ARM.Collect$$$$0000000B  mc_w.l(entry9a.o)
    0x08000160   0x00000000   Code   RO         6313    .ARM.Collect$$$$0000000D  mc_w.l(entry10a.o)
    0x08000160   0x00000000   Code   RO         6315    .ARM.Collect$$$$0000000F  mc_w.l(entry11a.o)
    0x08000160   0x00000004   Code   RO         6304    .ARM.Collect$$$$00002712  mc_w.l(entry2.o)
    0x08000164   0x00000024   Code   RO            4    .text               startup_stm32f107xc.o
    0x08000188   0x00000024   Code   RO         6259    .text               mc_w.l(memcpya.o)
    0x080001ac   0x00000024   Code   RO         6261    .text               mc_w.l(memseta.o)
    0x080001d0   0x00000014   Code   RO         6263    .text               mc_w.l(strchr.o)
    0x080001e4   0x0000000e   Code   RO         6265    .text               mc_w.l(strlen.o)
    0x080001f2   0x0000001c   Code   RO         6267    .text               mc_w.l(strcmp.o)
    0x0800020e   0x0000001a   Code   RO         6269    .text               mc_w.l(memcmp.o)
    0x08000228   0x0000001e   Code   RO         6271    .text               mc_w.l(strncmp.o)
    0x08000246   0x00000002   PAD
    0x08000248   0x00000024   Code   RO         6319    .text               mc_w.l(init.o)
    0x0800026c   0x00000002   Code   RO          452    i.BusFault_Handler  stm32f1xx_it.o
    0x0800026e   0x00000002   PAD
    0x08000270   0x00000048   Code   RO         5271    i.DeInitStateMachine  usbh_core.o
    0x080002b8   0x00000002   Code   RO          453    i.DebugMon_Handler  stm32f1xx_it.o
    0x080002ba   0x00000002   PAD
    0x080002bc   0x00000020   Code   RO         4039    i.ETH_Delay         stm32f1xx_hal_eth.o
    0x080002dc   0x0000002e   Code   RO         4040    i.ETH_FlushTransmitFIFO  stm32f1xx_hal_eth.o
    0x0800030a   0x00000002   PAD
    0x0800030c   0x00000124   Code   RO         4041    i.ETH_MACDMAConfig  stm32f1xx_hal_eth.o
    0x08000430   0x00000006   Code   RO         5736    i.FATFS_LinkDriver  ff_gen_drv.o
    0x08000436   0x00000002   PAD
    0x08000438   0x00000040   Code   RO         5737    i.FATFS_LinkDriverEx  ff_gen_drv.o
    0x08000478   0x0000001c   Code   RO         3905    i.HAL_Delay         stm32f1xx_hal.o
    0x08000494   0x00000074   Code   RO         4044    i.HAL_ETH_DMARxDescListInit  stm32f1xx_hal_eth.o
    0x08000508   0x00000078   Code   RO         4045    i.HAL_ETH_DMATxDescListInit  stm32f1xx_hal_eth.o
    0x08000580   0x0000007a   Code   RO         4048    i.HAL_ETH_GetReceivedFrame  stm32f1xx_hal_eth.o
    0x080005fa   0x00000002   PAD
    0x080005fc   0x000001a4   Code   RO         4052    i.HAL_ETH_Init      stm32f1xx_hal_eth.o
    0x080007a0   0x000000c0   Code   RO          354    i.HAL_ETH_MspInit   ethernetif.o
    0x08000860   0x00000084   Code   RO         4055    i.HAL_ETH_ReadPHYRegister  stm32f1xx_hal_eth.o
    0x080008e4   0x00000084   Code   RO         4057    i.HAL_ETH_Start     stm32f1xx_hal_eth.o
    0x08000968   0x00000108   Code   RO         4059    i.HAL_ETH_TransmitFrame  stm32f1xx_hal_eth.o
    0x08000a70   0x00000078   Code   RO         4061    i.HAL_ETH_WritePHYRegister  stm32f1xx_hal_eth.o
    0x08000ae8   0x000001bc   Code   RO         3775    i.HAL_GPIO_Init     stm32f1xx_hal_gpio.o
    0x08000ca4   0x0000000c   Code   RO         3909    i.HAL_GetTick       stm32f1xx_hal.o
    0x08000cb0   0x00000008   Code   RO          573    i.HAL_HCD_Connect_Callback  usbh_conf.o
    0x08000cb8   0x00000008   Code   RO          574    i.HAL_HCD_Disconnect_Callback  usbh_conf.o
    0x08000cc0   0x00000006   Code   RO         4781    i.HAL_HCD_GetCurrentFrame  stm32f1xx_hal_hcd.o
    0x08000cc6   0x00000006   Code   RO         4782    i.HAL_HCD_GetCurrentSpeed  stm32f1xx_hal_hcd.o
    0x08000ccc   0x0000000e   Code   RO         4785    i.HAL_HCD_HC_GetURBState  stm32f1xx_hal_hcd.o
    0x08000cda   0x0000000c   Code   RO         4786    i.HAL_HCD_HC_GetXferCount  stm32f1xx_hal_hcd.o
    0x08000ce6   0x00000024   Code   RO         4787    i.HAL_HCD_HC_Halt   stm32f1xx_hal_hcd.o
    0x08000d0a   0x00000054   Code   RO         4788    i.HAL_HCD_HC_Init   stm32f1xx_hal_hcd.o
    0x08000d5e   0x00000002   Code   RO          575    i.HAL_HCD_HC_NotifyURBChange_Callback  usbh_conf.o
    0x08000d60   0x000000b4   Code   RO         4790    i.HAL_HCD_HC_SubmitRequest  stm32f1xx_hal_hcd.o
    0x08000e14   0x0000012e   Code   RO         4791    i.HAL_HCD_IRQHandler  stm32f1xx_hal_hcd.o
    0x08000f42   0x00000068   Code   RO         4792    i.HAL_HCD_Init      stm32f1xx_hal_hcd.o
    0x08000faa   0x00000002   PAD
    0x08000fac   0x00000038   Code   RO          577    i.HAL_HCD_MspInit   usbh_conf.o
    0x08000fe4   0x00000006   Code   RO         4795    i.HAL_HCD_ResetPort  stm32f1xx_hal_hcd.o
    0x08000fea   0x00000008   Code   RO          578    i.HAL_HCD_SOF_Callback  usbh_conf.o
    0x08000ff2   0x0000002c   Code   RO         4797    i.HAL_HCD_Start     stm32f1xx_hal_hcd.o
    0x0800101e   0x00000024   Code   RO         4798    i.HAL_HCD_Stop      stm32f1xx_hal_hcd.o
    0x08001042   0x00000002   PAD
    0x08001044   0x00000010   Code   RO         3911    i.HAL_IncTick       stm32f1xx_hal.o
    0x08001054   0x00000024   Code   RO         3912    i.HAL_Init          stm32f1xx_hal.o
    0x08001078   0x00000028   Code   RO         3913    i.HAL_InitTick      stm32f1xx_hal.o
    0x080010a0   0x00000084   Code   RO          428    i.HAL_MspInit       stm32f1xx_hal_msp.o
    0x08001124   0x00000016   Code   RO         4627    i.HAL_NVIC_EnableIRQ  stm32f1xx_hal_cortex.o
    0x0800113a   0x00000002   PAD
    0x0800113c   0x00000040   Code   RO         4633    i.HAL_NVIC_SetPriority  stm32f1xx_hal_cortex.o
    0x0800117c   0x00000024   Code   RO         4634    i.HAL_NVIC_SetPriorityGrouping  stm32f1xx_hal_cortex.o
    0x080011a0   0x00000188   Code   RO         3844    i.HAL_RCCEx_PeriphCLKConfig  stm32f1xx_hal_rcc_ex.o
    0x08001328   0x00000154   Code   RO         4193    i.HAL_RCC_ClockConfig  stm32f1xx_hal_rcc.o
    0x0800147c   0x0000000c   Code   RO         4198    i.HAL_RCC_GetHCLKFreq  stm32f1xx_hal_rcc.o
    0x08001488   0x000000a0   Code   RO         4202    i.HAL_RCC_GetSysClockFreq  stm32f1xx_hal_rcc.o
    0x08001528   0x000003c8   Code   RO         4205    i.HAL_RCC_OscConfig  stm32f1xx_hal_rcc.o
    0x080018f0   0x00000018   Code   RO         4636    i.HAL_SYSTICK_CLKSourceConfig  stm32f1xx_hal_cortex.o
    0x08001908   0x00000002   Code   RO         4637    i.HAL_SYSTICK_Callback  stm32f1xx_hal_cortex.o
    0x0800190a   0x00000028   Code   RO         4638    i.HAL_SYSTICK_Config  stm32f1xx_hal_cortex.o
    0x08001932   0x00000008   Code   RO         4639    i.HAL_SYSTICK_IRQHandler  stm32f1xx_hal_cortex.o
    0x0800193a   0x00000220   Code   RO         4799    i.HCD_HC_IN_IRQHandler  stm32f1xx_hal_hcd.o
    0x08001b5a   0x0000022c   Code   RO         4800    i.HCD_HC_OUT_IRQHandler  stm32f1xx_hal_hcd.o
    0x08001d86   0x00000002   PAD
    0x08001d88   0x00000096   Code   RO         4801    i.HCD_Port_IRQHandler  stm32f1xx_hal_hcd.o
    0x08001e1e   0x00000002   PAD
    0x08001e20   0x00000070   Code   RO         4802    i.HCD_RXQLVL_IRQHandler  stm32f1xx_hal_hcd.o
    0x08001e90   0x00000002   Code   RO          454    i.HardFault_Handler  stm32f1xx_it.o
    0x08001e92   0x00000002   PAD
    0x08001e94   0x0000001c   Code   RO          720    i.MX_FATFS_Init     fatfs.o
    0x08001eb0   0x000000a8   Code   RO           13    i.MX_LWIP_Init      lwip.o
    0x08001f58   0x00000014   Code   RO           14    i.MX_LWIP_Process   lwip.o
    0x08001f6c   0x0000002c   Code   RO          534    i.MX_USB_HOST_Init  usb_host.o
    0x08001f98   0x0000000c   Code   RO          535    i.MX_USB_HOST_Process  usb_host.o
    0x08001fa4   0x00000002   Code   RO          455    i.MemManage_Handler  stm32f1xx_it.o
    0x08001fa6   0x00000002   Code   RO          456    i.NMI_Handler       stm32f1xx_it.o
    0x08001fa8   0x00000020   Code   RO         4640    i.NVIC_SetPriority  stm32f1xx_hal_cortex.o
    0x08001fc8   0x0000000c   Code   RO          457    i.OTG_FS_IRQHandler  stm32f1xx_it.o
    0x08001fd4   0x00000002   Code   RO          458    i.PendSV_Handler    stm32f1xx_it.o
    0x08001fd6   0x00000002   Code   RO          459    i.SVC_Handler       stm32f1xx_it.o
    0x08001fd8   0x0000000e   Code   RO          460    i.SysTick_Handler   stm32f1xx_it.o
    0x08001fe6   0x00000002   PAD
    0x08001fe8   0x00000084   Code   RO          259    i.SystemClock_Config  main.o
    0x0800206c   0x00000054   Code   RO         3622    i.SystemInit        system_stm32f1xx.o
    0x080020c0   0x00000034   Code   RO         5693    i.USBH_AllocPipe    usbh_pipes.o
    0x080020f4   0x00000020   Code   RO         5388    i.USBH_BulkReceiveData  usbh_ioreq.o
    0x08002114   0x00000028   Code   RO         5389    i.USBH_BulkSendData  usbh_ioreq.o
    0x0800213c   0x0000000a   Code   RO         5694    i.USBH_ClosePipe    usbh_pipes.o
    0x08002146   0x0000001e   Code   RO         5514    i.USBH_ClrFeature   usbh_ctlreq.o
    0x08002164   0x0000001e   Code   RO         5390    i.USBH_CtlReceiveData  usbh_ioreq.o
    0x08002182   0x00000036   Code   RO         5515    i.USBH_CtlReq       usbh_ctlreq.o
    0x080021b8   0x00000028   Code   RO         5391    i.USBH_CtlSendData  usbh_ioreq.o
    0x080021e0   0x0000001e   Code   RO         5392    i.USBH_CtlSendSetup  usbh_ioreq.o
    0x080021fe   0x00000004   Code   RO          579    i.USBH_Delay        usbh_conf.o
    0x08002202   0x00000044   Code   RO         5273    i.USBH_FindInterface  usbh_core.o
    0x08002246   0x00000018   Code   RO         5695    i.USBH_FreePipe     usbh_pipes.o
    0x0800225e   0x00000034   Code   RO         5516    i.USBH_GetDescriptor  usbh_ctlreq.o
    0x08002292   0x0000000e   Code   RO         5517    i.USBH_GetNextDesc  usbh_ctlreq.o
    0x080022a0   0x0000002c   Code   RO         5518    i.USBH_Get_CfgDesc  usbh_ctlreq.o
    0x080022cc   0x0000009a   Code   RO         5519    i.USBH_Get_DevDesc  usbh_ctlreq.o
    0x08002366   0x00000048   Code   RO         5520    i.USBH_Get_StringDesc  usbh_ctlreq.o
    0x080023ae   0x0000017e   Code   RO         5521    i.USBH_HandleControl  usbh_ctlreq.o
    0x0800252c   0x000000f2   Code   RO         5276    i.USBH_HandleEnum   usbh_core.o
    0x0800261e   0x00000030   Code   RO         5277    i.USBH_Init         usbh_core.o
    0x0800264e   0x00000020   Code   RO          580    i.USBH_LL_ClosePipe  usbh_conf.o
    0x0800266e   0x00000028   Code   RO         5278    i.USBH_LL_Connect   usbh_core.o
    0x08002696   0x00000038   Code   RO         5279    i.USBH_LL_Disconnect  usbh_core.o
    0x080026ce   0x0000000c   Code   RO          582    i.USBH_LL_DriverVBUS  usbh_conf.o
    0x080026da   0x00000008   Code   RO          583    i.USBH_LL_GetLastXferSize  usbh_conf.o
    0x080026e2   0x00000022   Code   RO          584    i.USBH_LL_GetSpeed  usbh_conf.o
    0x08002704   0x0000001e   Code   RO          585    i.USBH_LL_GetToggle  usbh_conf.o
    0x08002722   0x00000008   Code   RO          586    i.USBH_LL_GetURBState  usbh_conf.o
    0x0800272a   0x0000001e   Code   RO         5280    i.USBH_LL_IncTimer  usbh_core.o
    0x08002748   0x00000060   Code   RO          587    i.USBH_LL_Init      usbh_conf.o
    0x080027a8   0x0000002a   Code   RO          588    i.USBH_LL_OpenPipe  usbh_conf.o
    0x080027d2   0x00000020   Code   RO          589    i.USBH_LL_ResetPort  usbh_conf.o
    0x080027f2   0x00000006   Code   RO         5281    i.USBH_LL_SetTimer  usbh_core.o
    0x080027f8   0x00000020   Code   RO          590    i.USBH_LL_SetToggle  usbh_conf.o
    0x08002818   0x00000020   Code   RO          591    i.USBH_LL_Start     usbh_conf.o
    0x08002838   0x00000020   Code   RO          592    i.USBH_LL_Stop      usbh_conf.o
    0x08002858   0x00000030   Code   RO          593    i.USBH_LL_SubmitURB  usbh_conf.o
    0x08002888   0x0000001e   Code   RO         5224    i.USBH_MSC_BOT_Abort  usbh_msc_bot.o
    0x080028a6   0x00000002   PAD
    0x080028a8   0x00000024   Code   RO         5225    i.USBH_MSC_BOT_Init  usbh_msc_bot.o
    0x080028cc   0x000001dc   Code   RO         5226    i.USBH_MSC_BOT_Process  usbh_msc_bot.o
    0x08002aa8   0x00000016   Code   RO         5227    i.USBH_MSC_BOT_REQ_GetMaxLUN  usbh_msc_bot.o
    0x08002abe   0x00000016   Code   RO         5228    i.USBH_MSC_BOT_REQ_Reset  usbh_msc_bot.o
    0x08002ad4   0x0000006c   Code   RO         5602    i.USBH_MSC_ClassRequest  usbh_msc.o
    0x08002b40   0x0000002e   Code   RO         5603    i.USBH_MSC_GetLUNInfo  usbh_msc.o
    0x08002b6e   0x0000004a   Code   RO         5605    i.USBH_MSC_InterfaceDeInit  usbh_msc.o
    0x08002bb8   0x0000014c   Code   RO         5606    i.USBH_MSC_InterfaceInit  usbh_msc.o
    0x08002d04   0x00000290   Code   RO         5608    i.USBH_MSC_Process  usbh_msc.o
    0x08002f94   0x0000008e   Code   RO         5609    i.USBH_MSC_RdWrProcess  usbh_msc.o
    0x08003022   0x0000008a   Code   RO         5610    i.USBH_MSC_Read     usbh_msc.o
    0x080030ac   0x000000c0   Code   RO         5460    i.USBH_MSC_SCSI_Inquiry  usbh_msc_scsi.o
    0x0800316c   0x0000007c   Code   RO         5461    i.USBH_MSC_SCSI_Read  usbh_msc_scsi.o
    0x080031e8   0x0000007a   Code   RO         5462    i.USBH_MSC_SCSI_ReadCapacity  usbh_msc_scsi.o
    0x08003262   0x00000092   Code   RO         5463    i.USBH_MSC_SCSI_RequestSense  usbh_msc_scsi.o
    0x080032f4   0x0000004c   Code   RO         5464    i.USBH_MSC_SCSI_TestUnitReady  usbh_msc_scsi.o
    0x08003340   0x0000007c   Code   RO         5465    i.USBH_MSC_SCSI_Write  usbh_msc_scsi.o
    0x080033bc   0x00000004   Code   RO         5611    i.USBH_MSC_SOFProcess  usbh_msc.o
    0x080033c0   0x00000026   Code   RO         5612    i.USBH_MSC_UnitIsReady  usbh_msc.o
    0x080033e6   0x0000008a   Code   RO         5613    i.USBH_MSC_Write    usbh_msc.o
    0x08003470   0x00000014   Code   RO         5696    i.USBH_OpenPipe     usbh_pipes.o
    0x08003484   0x000000e8   Code   RO         5522    i.USBH_ParseCfgDesc  usbh_ctlreq.o
    0x0800356c   0x00000168   Code   RO         5282    i.USBH_Process      usbh_core.o
    0x080036d4   0x0000001c   Code   RO         5284    i.USBH_RegisterClass  usbh_core.o
    0x080036f0   0x00000016   Code   RO         5285    i.USBH_SelectInterface  usbh_core.o
    0x08003706   0x0000001c   Code   RO         5523    i.USBH_SetAddress   usbh_ctlreq.o
    0x08003722   0x0000001c   Code   RO         5524    i.USBH_SetCfg       usbh_ctlreq.o
    0x0800373e   0x00000014   Code   RO         5286    i.USBH_Start        usbh_core.o
    0x08003752   0x00000002   PAD
    0x08003754   0x00000020   Code   RO          536    i.USBH_UserProcess  usb_host.o
    0x08003774   0x00000004   Code   RO         5820    i.USBH_initialize   usbh_diskio.o
    0x08003778   0x00000050   Code   RO         5821    i.USBH_ioctl        usbh_diskio.o
    0x080037c8   0x00000048   Code   RO         5822    i.USBH_read         usbh_diskio.o
    0x08003810   0x00000018   Code   RO         5823    i.USBH_status       usbh_diskio.o
    0x08003828   0x00000050   Code   RO         5824    i.USBH_write        usbh_diskio.o
    0x08003878   0x0000001c   Code   RO         4946    i.USB_CoreInit      stm32f1xx_ll_usb.o
    0x08003894   0x0000004c   Code   RO         4947    i.USB_CoreReset     stm32f1xx_ll_usb.o
    0x080038e0   0x0000000c   Code   RO         4953    i.USB_DisableGlobalInt  stm32f1xx_ll_usb.o
    0x080038ec   0x0000002c   Code   RO         4955    i.USB_DriveVbus     stm32f1xx_ll_usb.o
    0x08003918   0x0000000c   Code   RO         4961    i.USB_EnableGlobalInt  stm32f1xx_ll_usb.o
    0x08003924   0x00000020   Code   RO         4962    i.USB_FlushRxFifo   stm32f1xx_ll_usb.o
    0x08003944   0x00000024   Code   RO         4963    i.USB_FlushTxFifo   stm32f1xx_ll_usb.o
    0x08003968   0x00000008   Code   RO         4964    i.USB_GetCurrentFrame  stm32f1xx_ll_usb.o
    0x08003970   0x0000000e   Code   RO         4966    i.USB_GetHostSpeed  stm32f1xx_ll_usb.o
    0x0800397e   0x00000008   Code   RO         4967    i.USB_GetMode       stm32f1xx_ll_usb.o
    0x08003986   0x0000017a   Code   RO         4968    i.USB_HC_Halt       stm32f1xx_ll_usb.o
    0x08003b00   0x000000d2   Code   RO         4969    i.USB_HC_Init       stm32f1xx_ll_usb.o
    0x08003bd2   0x0000000c   Code   RO         4970    i.USB_HC_ReadInterrupt  stm32f1xx_ll_usb.o
    0x08003bde   0x00000002   PAD
    0x08003be0   0x00000130   Code   RO         4971    i.USB_HC_StartXfer  stm32f1xx_ll_usb.o
    0x08003d10   0x000000b4   Code   RO         4972    i.USB_HostInit      stm32f1xx_ll_usb.o
    0x08003dc4   0x00000036   Code   RO         4973    i.USB_InitFSLSPClkSel  stm32f1xx_ll_usb.o
    0x08003dfa   0x00000008   Code   RO         4978    i.USB_ReadInterrupts  stm32f1xx_ll_usb.o
    0x08003e02   0x00000020   Code   RO         4979    i.USB_ReadPacket    stm32f1xx_ll_usb.o
    0x08003e22   0x0000002c   Code   RO         4980    i.USB_ResetPort     stm32f1xx_ll_usb.o
    0x08003e4e   0x0000002c   Code   RO         4981    i.USB_SetCurrentMode  stm32f1xx_ll_usb.o
    0x08003e7a   0x000000b4   Code   RO         4985    i.USB_StopHost      stm32f1xx_ll_usb.o
    0x08003f2e   0x00000002   PAD
    0x08003f30   0x00000024   Code   RO         4986    i.USB_WritePacket   stm32f1xx_ll_usb.o
    0x08003f54   0x00000002   Code   RO          461    i.UsageFault_Handler  stm32f1xx_it.o
    0x08003f56   0x00000002   Code   RO          260    i._Error_Handler    main.o
    0x08003f58   0x0000000e   Code   RO         6323    i.__scatterload_copy  mc_w.l(handlers.o)
    0x08003f66   0x00000002   Code   RO         6324    i.__scatterload_null  mc_w.l(handlers.o)
    0x08003f68   0x0000000e   Code   RO         6325    i.__scatterload_zeroinit  mc_w.l(handlers.o)
    0x08003f76   0x00000002   PAD
    0x08003f78   0x0000001c   Code   RO         2208    i.cyclic_timer      timeouts.o
    0x08003f94   0x0000000c   Code   RO         2288    i.do_memp_free_pool  memp.o
    0x08003fa0   0x0000000e   Code   RO         2289    i.do_memp_malloc_pool  memp.o
    0x08003fae   0x00000002   PAD
    0x08003fb0   0x00000030   Code   RO         1808    i.etharp_cleanup_netif  etharp.o
    0x08003fe0   0x000000dc   Code   RO         1810    i.etharp_find_entry  etharp.o
    0x080040bc   0x00000024   Code   RO         1811    i.etharp_free_entry  etharp.o
    0x080040e0   0x000000a0   Code   RO         1813    i.etharp_input      etharp.o
    0x08004180   0x000000ec   Code   RO         1814    i.etharp_output     etharp.o
    0x0800426c   0x00000060   Code   RO         1815    i.etharp_output_to_arp_index  etharp.o
    0x080042cc   0x000000f0   Code   RO         1816    i.etharp_query      etharp.o
    0x080043bc   0x00000088   Code   RO         1817    i.etharp_raw        etharp.o
    0x08004444   0x0000000c   Code   RO         1818    i.etharp_request    etharp.o
    0x08004450   0x00000020   Code   RO         1819    i.etharp_request_dst  etharp.o
    0x08004470   0x00000060   Code   RO         1820    i.etharp_tmr        etharp.o
    0x080044d0   0x00000080   Code   RO         1821    i.etharp_update_arp_entry  etharp.o
    0x08004550   0x000000a0   Code   RO         1111    i.ethernet_input    ethernet.o
    0x080045f0   0x0000004a   Code   RO         1112    i.ethernet_output   ethernet.o
    0x0800463a   0x00000002   PAD
    0x0800463c   0x00000028   Code   RO          355    i.ethernetif_init   ethernetif.o
    0x08004664   0x00000022   Code   RO          356    i.ethernetif_input  ethernetif.o
    0x08004686   0x00000002   PAD
    0x08004688   0x00000050   Code   RO         6275    i.free              mc_w.l(malloc.o)
    0x080046d8   0x00000008   Code   RO         3565    i.fs_bytes_left     fs.o
    0x080046e0   0x00000002   Code   RO         3566    i.fs_close          fs.o
    0x080046e2   0x00000002   PAD
    0x080046e4   0x00000044   Code   RO         3567    i.fs_open           fs.o
    0x08004728   0x0000006c   Code   RO         3446    i.http_accept       httpd.o
    0x08004794   0x00000006   Code   RO         3447    i.http_close_conn   httpd.o
    0x0800479a   0x00000002   PAD
    0x0800479c   0x00000060   Code   RO         3448    i.http_close_or_abort_conn  httpd.o
    0x080047fc   0x00000004   Code   RO         3449    i.http_eof          httpd.o
    0x08004800   0x0000000a   Code   RO         3450    i.http_err          httpd.o
    0x0800480a   0x00000002   PAD
    0x0800480c   0x00000130   Code   RO         3451    i.http_find_file    httpd.o
    0x0800493c   0x00000058   Code   RO         3452    i.http_get_404_file  httpd.o
    0x08004994   0x00000108   Code   RO         3453    i.http_parse_request  httpd.o
    0x08004a9c   0x00000036   Code   RO         3454    i.http_poll         httpd.o
    0x08004ad2   0x0000007a   Code   RO         3455    i.http_recv         httpd.o
    0x08004b4c   0x00000044   Code   RO         3456    i.http_send         httpd.o
    0x08004b90   0x00000052   Code   RO         3457    i.http_send_data_nonssi  httpd.o
    0x08004be2   0x00000018   Code   RO         3458    i.http_sent         httpd.o
    0x08004bfa   0x00000028   Code   RO         3459    i.http_state_free   httpd.o
    0x08004c22   0x0000006a   Code   RO         3460    i.http_write        httpd.o
    0x08004c8c   0x00000034   Code   RO         3461    i.httpd_init        httpd.o
    0x08004cc0   0x00000008   Code   RO         3301    i.icmp_dest_unreach  icmp.o
    0x08004cc8   0x000000f4   Code   RO         3302    i.icmp_input        icmp.o
    0x08004dbc   0x0000006c   Code   RO         3303    i.icmp_send_response  icmp.o
    0x08004e28   0x00000008   Code   RO         3304    i.icmp_time_exceeded  icmp.o
    0x08004e30   0x0000002e   Code   RO         1187    i.ip4_addr_isbroadcast_u32  ip4_addr.o
    0x08004e5e   0x00000002   PAD
    0x08004e60   0x0000015c   Code   RO         3342    i.ip4_frag          ip4_frag.o
    0x08004fbc   0x0000019c   Code   RO          779    i.ip4_input         ip4.o
    0x08005158   0x0000001e   Code   RO          781    i.ip4_output_if     ip4.o
    0x08005176   0x00000002   PAD
    0x08005178   0x000000a8   Code   RO          782    i.ip4_output_if_src  ip4.o
    0x08005220   0x00000190   Code   RO         3343    i.ip4_reass         ip4_frag.o
    0x080053b0   0x0000005c   Code   RO          783    i.ip4_route         ip4.o
    0x0800540c   0x00000008   Code   RO         3344    i.ip_frag_free_pbuf_custom_ref  ip4_frag.o
    0x08005414   0x000000ec   Code   RO         3345    i.ip_reass_chain_frag_into_datagram_and_validate  ip4_frag.o
    0x08005500   0x00000024   Code   RO         3346    i.ip_reass_dequeue_datagram  ip4_frag.o
    0x08005524   0x00000070   Code   RO         3347    i.ip_reass_free_complete_datagram  ip4_frag.o
    0x08005594   0x00000080   Code   RO         3348    i.ip_reass_remove_oldest_datagram  ip4_frag.o
    0x08005614   0x0000002c   Code   RO         3349    i.ip_reass_tmr      ip4_frag.o
    0x08005640   0x00000016   Code   RO         3350    i.ipfrag_free_pbuf_custom  ip4_frag.o
    0x08005656   0x00000002   PAD
    0x08005658   0x000000f0   Code   RO          357    i.low_level_init    ethernetif.o
    0x08005748   0x000000bc   Code   RO          358    i.low_level_input   ethernetif.o
    0x08005804   0x000000a8   Code   RO          359    i.low_level_output  ethernetif.o
    0x080058ac   0x00000004   Code   RO         1753    i.lwip_htonl        def.o
    0x080058b0   0x00000004   Code   RO         1754    i.lwip_htons        def.o
    0x080058b4   0x0000001e   Code   RO         1961    i.lwip_init         init.o
    0x080058d2   0x00000040   Code   RO         1758    i.lwip_strnstr      def.o
    0x08005912   0x00000002   PAD
    0x08005914   0x0000006c   Code   RO          261    i.main              main.o
    0x08005980   0x0000006c   Code   RO         6276    i.malloc            mc_w.l(malloc.o)
    0x080059ec   0x0000002c   Code   RO          899    i.mem_free          mem.o
    0x08005a18   0x00000034   Code   RO          900    i.mem_init          mem.o
    0x08005a4c   0x000000a8   Code   RO          901    i.mem_malloc        mem.o
    0x08005af4   0x000000cc   Code   RO          902    i.mem_trim          mem.o
    0x08005bc0   0x00000018   Code   RO         2290    i.memp_free         memp.o
    0x08005bd8   0x00000020   Code   RO         2292    i.memp_init         memp.o
    0x08005bf8   0x0000002a   Code   RO         2293    i.memp_init_pool    memp.o
    0x08005c22   0x00000002   PAD
    0x08005c24   0x00000018   Code   RO         2294    i.memp_malloc       memp.o
    0x08005c3c   0x00000050   Code   RO         2689    i.netif_add         netif.o
    0x08005c8c   0x00000002   Code   RO         2691    i.netif_init        netif.o
    0x08005c8e   0x0000001a   Code   RO         2693    i.netif_issue_reports  netif.o
    0x08005ca8   0x00000048   Code   RO         2695    i.netif_set_addr    netif.o
    0x08005cf0   0x0000000c   Code   RO         2696    i.netif_set_default  netif.o
    0x08005cfc   0x0000001a   Code   RO         2697    i.netif_set_down    netif.o
    0x08005d16   0x00000008   Code   RO         2698    i.netif_set_gw      netif.o
    0x08005d1e   0x00000002   PAD
    0x08005d20   0x00000040   Code   RO         2699    i.netif_set_ipaddr  netif.o
    0x08005d60   0x00000008   Code   RO         2702    i.netif_set_netmask  netif.o
    0x08005d68   0x0000001c   Code   RO         2703    i.netif_set_up      netif.o
    0x08005d84   0x00000128   Code   RO         2000    i.pbuf_alloc        pbuf.o
    0x08005eac   0x00000052   Code   RO         2001    i.pbuf_alloced_custom  pbuf.o
    0x08005efe   0x00000028   Code   RO         2002    i.pbuf_cat          pbuf.o
    0x08005f26   0x00000012   Code   RO         2004    i.pbuf_clen         pbuf.o
    0x08005f38   0x0000009a   Code   RO         2006    i.pbuf_copy         pbuf.o
    0x08005fd2   0x00000068   Code   RO         2007    i.pbuf_copy_partial  pbuf.o
    0x0800603a   0x00000050   Code   RO         2009    i.pbuf_free         pbuf.o
    0x0800608a   0x00000002   PAD
    0x0800608c   0x0000002c   Code   RO         2010    i.pbuf_free_ooseq   pbuf.o
    0x080060b8   0x00000006   Code   RO         2012    i.pbuf_header       pbuf.o
    0x080060be   0x00000006   Code   RO         2013    i.pbuf_header_force  pbuf.o
    0x080060c4   0x00000064   Code   RO         2014    i.pbuf_header_impl  pbuf.o
    0x08006128   0x00000054   Code   RO         2018    i.pbuf_realloc      pbuf.o
    0x0800617c   0x0000000c   Code   RO         2019    i.pbuf_ref          pbuf.o
    0x08006188   0x00000054   Code   RO          903    i.plug_holes        mem.o
    0x080061dc   0x00000058   Code   RO         2209    i.sys_check_timeouts  timeouts.o
    0x08006234   0x00000004   Code   RO          361    i.sys_now           ethernetif.o
    0x08006238   0x00000090   Code   RO         2211    i.sys_timeout       timeouts.o
    0x080062c8   0x00000034   Code   RO         2212    i.sys_timeouts_init  timeouts.o
    0x080062fc   0x000000d4   Code   RO         1404    i.tcp_abandon       tcp.o
    0x080063d0   0x00000006   Code   RO         1405    i.tcp_abort         tcp.o
    0x080063d6   0x0000000e   Code   RO         1406    i.tcp_accept        tcp.o
    0x080063e4   0x0000000e   Code   RO         1407    i.tcp_accept_null   tcp.o
    0x080063f2   0x00000002   PAD
    0x080063f4   0x00000108   Code   RO         1408    i.tcp_alloc         tcp.o
    0x080064fc   0x00000008   Code   RO         1409    i.tcp_arg           tcp.o
    0x08006504   0x00000094   Code   RO         1410    i.tcp_bind          tcp.o
    0x08006598   0x00000014   Code   RO         1411    i.tcp_close         tcp.o
    0x080065ac   0x00000164   Code   RO         1412    i.tcp_close_shutdown  tcp.o
    0x08006710   0x00000098   Code   RO         3197    i.tcp_create_segment  tcp_out.o
    0x080067a8   0x00000022   Code   RO         1415    i.tcp_eff_send_mss_impl  tcp.o
    0x080067ca   0x00000090   Code   RO         3198    i.tcp_enqueue_flags  tcp_out.o
    0x0800685a   0x0000000a   Code   RO         1416    i.tcp_err           tcp.o
    0x08006864   0x00000058   Code   RO         1417    i.tcp_fasttmr       tcp.o
    0x080068bc   0x00000030   Code   RO         2577    i.tcp_getoptbyte    tcp_in.o
    0x080068ec   0x00000002   Code   RO         1418    i.tcp_init          tcp.o
    0x080068ee   0x00000002   PAD
    0x080068f0   0x0000036c   Code   RO         2578    i.tcp_input         tcp_in.o
    0x08006c5c   0x00000052   Code   RO         3199    i.tcp_keepalive     tcp_out.o
    0x08006cae   0x00000002   PAD
    0x08006cb0   0x0000003c   Code   RO         1419    i.tcp_kill_state    tcp.o
    0x08006cec   0x000000ec   Code   RO         2579    i.tcp_listen_input  tcp_in.o
    0x08006dd8   0x00000084   Code   RO         1420    i.tcp_listen_with_backlog  tcp.o
    0x08006e5c   0x0000004c   Code   RO         1421    i.tcp_netif_ip_addr_changed  tcp.o
    0x08006ea8   0x00000022   Code   RO         1422    i.tcp_netif_ip_addr_changed_pcblist  tcp.o
    0x08006eca   0x00000006   Code   RO         1424    i.tcp_new_ip_type   tcp.o
    0x08006ed0   0x0000005c   Code   RO         1425    i.tcp_new_port      tcp.o
    0x08006f2c   0x00000010   Code   RO         1426    i.tcp_next_iss      tcp.o
    0x08006f3c   0x00000078   Code   RO         2580    i.tcp_oos_insert_segment  tcp_in.o
    0x08006fb4   0x000001c8   Code   RO         3200    i.tcp_output        tcp_out.o
    0x0800717c   0x0000006a   Code   RO         3201    i.tcp_output_alloc_header  tcp_out.o
    0x080071e6   0x00000002   PAD
    0x080071e8   0x000000a8   Code   RO         3202    i.tcp_output_segment  tcp_out.o
    0x08007290   0x00000074   Code   RO         2581    i.tcp_parseopt      tcp_in.o
    0x08007304   0x0000004e   Code   RO         3203    i.tcp_pbuf_prealloc  tcp_out.o
    0x08007352   0x00000042   Code   RO         1427    i.tcp_pcb_purge     tcp.o
    0x08007394   0x00000050   Code   RO         1428    i.tcp_pcb_remove    tcp.o
    0x080073e4   0x00000008   Code   RO         1429    i.tcp_poll          tcp.o
    0x080073ec   0x00000370   Code   RO         2582    i.tcp_process       tcp_in.o
    0x0800775c   0x0000006c   Code   RO         1430    i.tcp_process_refused_data  tcp.o
    0x080077c8   0x000006c4   Code   RO         2583    i.tcp_receive       tcp_in.o
    0x08007e8c   0x0000000a   Code   RO         1431    i.tcp_recv          tcp.o
    0x08007e96   0x00000024   Code   RO         1432    i.tcp_recv_null     tcp.o
    0x08007eba   0x00000042   Code   RO         1433    i.tcp_recved        tcp.o
    0x08007efc   0x00000052   Code   RO         3204    i.tcp_rexmit        tcp_out.o
    0x08007f4e   0x0000005c   Code   RO         3205    i.tcp_rexmit_fast   tcp_out.o
    0x08007faa   0x0000002e   Code   RO         3206    i.tcp_rexmit_rto    tcp_out.o
    0x08007fd8   0x00000080   Code   RO         3207    i.tcp_rst           tcp_out.o
    0x08008058   0x00000028   Code   RO         1434    i.tcp_seg_copy      tcp.o
    0x08008080   0x0000001c   Code   RO         1435    i.tcp_seg_free      tcp.o
    0x0800809c   0x00000012   Code   RO         1436    i.tcp_segs_free     tcp.o
    0x080080ae   0x00000072   Code   RO         3208    i.tcp_send_empty_ack  tcp_out.o
    0x08008120   0x00000044   Code   RO         3209    i.tcp_send_fin      tcp_out.o
    0x08008164   0x00000008   Code   RO         1437    i.tcp_sent          tcp.o
    0x0800816c   0x00000004   Code   RO         1438    i.tcp_setprio       tcp.o
    0x08008170   0x00000280   Code   RO         1440    i.tcp_slowtmr       tcp.o
    0x080083f0   0x00000034   Code   RO         2215    i.tcp_timer_needed  timeouts.o
    0x08008424   0x00000068   Code   RO         2584    i.tcp_timewait_input  tcp_in.o
    0x0800848c   0x00000020   Code   RO         1441    i.tcp_tmr           tcp.o
    0x080084ac   0x00000010   Code   RO         2585    i.tcp_trigger_input_pcb_close  tcp_in.o
    0x080084bc   0x00000034   Code   RO         1443    i.tcp_update_rcv_ann_wnd  tcp.o
    0x080084f0   0x000002f0   Code   RO         3210    i.tcp_write         tcp_out.o
    0x080087e0   0x000000b4   Code   RO         3211    i.tcp_zero_window_probe  tcp_out.o
    0x08008894   0x00000038   Code   RO         2216    i.tcpip_tcp_timer   timeouts.o
    0x080088cc   0x00000002   Code   RO         3057    i.udp_init          udp.o
    0x080088ce   0x00000002   PAD
    0x080088d0   0x00000124   Code   RO         3058    i.udp_input         udp.o
    0x080089f4   0x00000034   Code   RO         3059    i.udp_netif_ip_addr_changed  udp.o
    0x08008a28   0x00000006   Data   RO         1113    .constdata          ethernet.o
    0x08008a2e   0x00000006   Data   RO         1114    .constdata          ethernet.o
    0x08008a34   0x00000004   Data   RO         1194    .constdata          ip4_addr.o
    0x08008a38   0x00000054   Data   RO         1444    .constdata          tcp.o
    0x08008a8c   0x00000018   Data   RO         2217    .constdata          timeouts.o
    0x08008aa4   0x0000000c   Data   RO         2305    .constdata          memp.o
    0x08008ab0   0x0000000c   Data   RO         2306    .constdata          memp.o
    0x08008abc   0x0000000c   Data   RO         2307    .constdata          memp.o
    0x08008ac8   0x0000000c   Data   RO         2308    .constdata          memp.o
    0x08008ad4   0x0000000c   Data   RO         2309    .constdata          memp.o
    0x08008ae0   0x0000000c   Data   RO         2310    .constdata          memp.o
    0x08008aec   0x0000000c   Data   RO         2311    .constdata          memp.o
    0x08008af8   0x0000000c   Data   RO         2312    .constdata          memp.o
    0x08008b04   0x0000000c   Data   RO         2313    .constdata          memp.o
    0x08008b10   0x00000024   Data   RO         2314    .constdata          memp.o
    0x08008b34   0x00000028   Data   RO         3463    .constdata          httpd.o
    0x08008b5c   0x0000034f   Data   RO         3568    .constdata          fs.o
    0x08008eab   0x000002b8   Data   RO         3569    .constdata          fs.o
    0x08009163   0x0000074e   Data   RO         3570    .constdata          fs.o
    0x080098b1   0x00000003   PAD
    0x080098b4   0x00000014   Data   RO         3571    .constdata          fs.o
    0x080098c8   0x00000014   Data   RO         3572    .constdata          fs.o
    0x080098dc   0x00000014   Data   RO         3573    .constdata          fs.o
    0x080098f0   0x00000010   Data   RO         3623    .constdata          system_stm32f1xx.o
    0x08009900   0x00000014   Data   RO         5825    .constdata          usbh_diskio.o
    0x08009914   0x00000075   Data   RO         1445    .conststring        tcp.o
    0x08009989   0x00000003   PAD
    0x0800998c   0x00000040   Data   RO         3464    .conststring        httpd.o
    0x080099cc   0x00000004   Data   RO         5614    .conststring        usbh_msc.o
    0x080099d0   0x00000020   Data   RO         6321    Region$$Table       anon$$obj.o


    Execution Region RW_IRAM1 (Base: 0x20000000, Size: 0x00009048, Max: 0x00010000, ABSOLUTE)

    Base Addr    Size         Type   Attr      Idx    E Section Name        Object

    0x20000000   0x00000018   Data   RW           20    .data               lwip.o
    0x20000018   0x00000001   Data   RW          538    .data               usb_host.o
    0x20000019   0x00000005   Data   RW          724    .data               fatfs.o
    0x2000001e   0x00000002   Data   RW          784    .data               ip4.o
    0x20000020   0x0000000c   Data   RW          905    .data               mem.o
    0x2000002c   0x00000020   Data   RW         1446    .data               tcp.o
    0x2000004c   0x00000001   Data   RW         1823    .data               etharp.o
    0x2000004d   0x00000001   Data   RW         2026    .data               pbuf.o
    0x2000004e   0x00000002   PAD
    0x20000050   0x0000000c   Data   RW         2218    .data               timeouts.o
    0x2000005c   0x00000004   Data   RW         2315    .data               memp.o
    0x20000060   0x00000004   Data   RW         2316    .data               memp.o
    0x20000064   0x00000004   Data   RW         2317    .data               memp.o
    0x20000068   0x00000004   Data   RW         2318    .data               memp.o
    0x2000006c   0x00000004   Data   RW         2319    .data               memp.o
    0x20000070   0x00000004   Data   RW         2320    .data               memp.o
    0x20000074   0x00000004   Data   RW         2321    .data               memp.o
    0x20000078   0x00000004   Data   RW         2322    .data               memp.o
    0x2000007c   0x00000004   Data   RW         2323    .data               memp.o
    0x20000080   0x00000024   Data   RW         2587    .data               tcp_in.o
    0x200000a4   0x0000000c   Data   RW         2704    .data               netif.o
    0x200000b0   0x00000008   Data   RW         3068    .data               udp.o
    0x200000b8   0x00000008   Data   RW         3351    .data               ip4_frag.o
    0x200000c0   0x00000004   Data   RW         3625    .data               system_stm32f1xx.o
    0x200000c4   0x00000004   Data   RW         3918    .data               stm32f1xx_hal.o
    0x200000c8   0x00000020   Data   RW         5615    .data               usbh_msc.o
    0x200000e8   0x00000004   Data   RW         6317    .data               mc_w.l(mvars.o)
    0x200000ec   0x00000004   Data   RW         6318    .data               mc_w.l(mvars.o)
    0x200000f0   0x00000030   Zero   RW           19    .bss                lwip.o
    0x20000120   0x00004878   Zero   RW          362    .bss                ethernetif.o
    0x20004998   0x000003c8   Zero   RW          537    .bss                usb_host.o
    0x20004d60   0x00000284   Zero   RW          594    .bss                usbh_conf.o
    0x20004fe4   0x00000653   Zero   RW          904    .bss                mem.o
    0x20005637   0x00000001   PAD
    0x20005638   0x000000f0   Zero   RW         1822    .bss                etharp.o
    0x20005728   0x00000083   Zero   RW         2296    .bss                memp.o
    0x200057ab   0x000002fb   Zero   RW         2297    .bss                memp.o
    0x20005aa6   0x000000e3   Zero   RW         2298    .bss                memp.o
    0x20005b89   0x00000103   Zero   RW         2299    .bss                memp.o
    0x20005c8c   0x000000a3   Zero   RW         2300    .bss                memp.o
    0x20005d2f   0x0000016b   Zero   RW         2301    .bss                memp.o
    0x20005e9a   0x00000033   Zero   RW         2302    .bss                memp.o
    0x20005ecd   0x00000103   Zero   RW         2303    .bss                memp.o
    0x20005fd0   0x00002603   Zero   RW         2304    .bss                memp.o
    0x200085d3   0x00000001   PAD
    0x200085d4   0x00000018   Zero   RW         2433    .bss                ip.o
    0x200085ec   0x00000010   Zero   RW         2586    .bss                tcp_in.o
    0x200085fc   0x00000440   Zero   RW         3462    .bss                httpd.o
    0x20008a3c   0x0000000c   Zero   RW         5740    .bss                ff_gen_drv.o
    0x20008a48   0x00000200   Zero   RW            2    HEAP                startup_stm32f107xc.o
    0x20008c48   0x00000400   Zero   RW            1    STACK               startup_stm32f107xc.o


==============================================================================

Image component sizes


      Code (inc. data)   RO Data    RW Data    ZI Data      Debug   Object Name

        72          0          0          0          0       1801   def.o
      1440         56          0          1        240      11439   etharp.o
       234          6         12          0          0       2526   ethernet.o
       866         66          0          0      18552       5782   ethernetif.o
        28         10          0          5          0        950   fatfs.o
        70          4          0          0         12       1507   ff_gen_drv.o
        78          4       3473          0          0       4542   fs.o
      1428        114        104          0       1088      18756   httpd.o
       368          4          0          0          0       3446   icmp.o
        30          0          0          0          0        504   init.o
         0          0          0          0         24       2986   ip.o
       702         26          0          2          0      17207   ip4.o
        46          0          4          0          0       6650   ip4_addr.o
      1334         36          0          8          0       9394   ip4_frag.o
       188         22          0         24         48     658112   lwip.o
       242         10          0          0          0      20432   main.o
       552         30          0         12       1619       4941   mem.o
       148         16        144         36      11947       9510   memp.o
       326         16          0         12          0       8877   netif.o
      1026         28          0          1          0      20987   pbuf.o
        36          8        336          0       1536        780   startup_stm32f107xc.o
       132         22          0          4          0       3487   stm32f1xx_hal.o
       228         14          0          0          0      27169   stm32f1xx_hal_cortex.o
      1796         52          0          0          0      10511   stm32f1xx_hal_eth.o
       444         36          0          0          0       2204   stm32f1xx_hal_gpio.o
      2192          4          0          0          0      12465   stm32f1xx_hal_hcd.o
       132         10          0          0          0        798   stm32f1xx_hal_msp.o
      1480         90          0          0          0       4638   stm32f1xx_hal_rcc.o
       392         18          0          0          0       1508   stm32f1xx_hal_rcc_ex.o
        42          6          0          0          0       4014   stm32f1xx_it.o
      1752         34          0          0          0      14802   stm32f1xx_ll_usb.o
        84         16         16          4          0       1091   system_stm32f1xx.o
      2788        110        201         32          0      34074   tcp.o
      4128        130          0         36         16      19019   tcp_in.o
      2648          8          0          0          0      16099   tcp_out.o
       420         64         24         12          0       5403   timeouts.o
       346         14          0          8          0       4767   udp.o
        88         24          0          1        968       1894   usb_host.o
       524         30          0          0        644      10592   usbh_conf.o
       992         20          0          0          0       8936   usbh_core.o
      1090         12          0          0          0       9304   usbh_ctlreq.o
       260         22         20          0          0       4309   usbh_diskio.o
       172          0          0          0          0       4056   usbh_ioreq.o
      1676         10          4         32          0      10137   usbh_msc.o
       586         28          0          0          0       4529   usbh_msc_bot.o
       784          0          0          0          0       5911   usbh_msc_scsi.o
       106          0          0          0          0       3118   usbh_pipes.o

    ----------------------------------------------------------------------
     34564       1230       4376        232      36696    1035964   Object Totals
         0          0         32          0          0          0   (incl. Generated)
        68          0          6          2          2          0   (incl. Padding)

    ----------------------------------------------------------------------

      Code (inc. data)   RO Data    RW Data    ZI Data      Debug   Library Member Name

         0          0          0          0          0          0   entry.o
         0          0          0          0          0          0   entry10a.o
         0          0          0          0          0          0   entry11a.o
         8          4          0          0          0          0   entry2.o
         4          0          0          0          0          0   entry5.o
         0          0          0          0          0          0   entry7b.o
         0          0          0          0          0          0   entry8b.o
         8          4          0          0          0          0   entry9a.o
        30          0          0          0          0          0   handlers.o
        36          8          0          0          0         68   init.o
       188         20          0          0          0        160   malloc.o
        26          0          0          0          0         80   memcmp.o
        36          0          0          0          0         68   memcpya.o
        36          0          0          0          0        108   memseta.o
         0          0          0          8          0          0   mvars.o
        20          0          0          0          0         68   strchr.o
        28          0          0          0          0         76   strcmp.o
        14          0          0          0          0         68   strlen.o
        30          0          0          0          0         80   strncmp.o

    ----------------------------------------------------------------------
       468         36          0          8          0        776   Library Totals
         4          0          0          0          0          0   (incl. Padding)

    ----------------------------------------------------------------------

      Code (inc. data)   RO Data    RW Data    ZI Data      Debug   Library Name

       464         36          0          8          0        776   mc_w.l

    ----------------------------------------------------------------------
       468         36          0          8          0        776   Library Totals

    ----------------------------------------------------------------------

==============================================================================


      Code (inc. data)   RO Data    RW Data    ZI Data      Debug   

     35032       1266       4376        240      36696    1019576   Grand Totals
     35032       1266       4376        240      36696    1019576   ELF Image Totals
     35032       1266       4376        240          0          0   ROM Totals

==============================================================================

    Total RO  Size (Code + RO Data)                39408 (  38.48kB)
    Total RW  Size (RW Data + ZI Data)             36936 (  36.07kB)
    Total ROM Size (Code + RO Data + RW Data)      39648 (  38.72kB)

==============================================================================

